../Middlewares/ST/STM32_USB_Device_Library/Class/MIDI/Src/usbd_midi.c:102:16:USBD_MIDI_DataIn	0	static
../Middlewares/ST/STM32_USB_Device_Library/Class/MIDI/Src/usbd_midi.c:141:17:USBD_MIDI_GetCfgDesc	0	static
../Middlewares/ST/STM32_USB_Device_Library/Class/MIDI/Src/usbd_midi.c:110:17:USBD_MIDI_DataOut	8	static
../Middlewares/ST/STM32_USB_Device_Library/Class/MIDI/Src/usbd_midi.c:95:16:USBD_MIDI_DeInit	16	static
../Middlewares/ST/STM32_USB_Device_Library/Class/MIDI/Src/usbd_midi.c:83:16:USBD_MIDI_Init	8	static
../Middlewares/ST/STM32_USB_Device_Library/Class/MIDI/Src/usbd_midi.c:127:6:USBD_MIDI_SendPacket	16	static
../Middlewares/ST/STM32_USB_Device_Library/Class/MIDI/Src/usbd_midi.c:146:9:USBD_MIDI_RegisterInterface	0	static
