../Middlewares/stm32-ssd1306-master/ssd1306/ssd1306.c:33:6:ssd1306_Reset	0	static
../Middlewares/stm32-ssd1306-master/ssd1306/ssd1306.c:43:6:ssd1306_WriteCommand	24	static
../Middlewares/stm32-ssd1306-master/ssd1306/ssd1306.c:50:6:ssd1306_WriteData	24	static
../Middlewares/stm32-ssd1306-master/ssd1306/ssd1306.c:58:6:HAL_I2C_MemTxCpltCallback	0	static
../Middlewares/stm32-ssd1306-master/ssd1306/ssd1306.c:77:17:ssd1306_FillBuffer	8	static
../Middlewares/stm32-ssd1306-master/ssd1306/ssd1306.c:157:6:ssd1306_Fill	0	static
../Middlewares/stm32-ssd1306-master/ssd1306/ssd1306.c:167:6:ssd1306_DMATxLine	24	static
../Middlewares/stm32-ssd1306-master/ssd1306/ssd1306.c:18:6:ssd1306_tick	16	static
../Middlewares/stm32-ssd1306-master/ssd1306/ssd1306.c:87:6:ssd1306_Init	40	static
../Middlewares/stm32-ssd1306-master/ssd1306/ssd1306.c:197:6:ssd1306_UpdateScreen	8	static
../Middlewares/stm32-ssd1306-master/ssd1306/ssd1306.c:214:6:ssd1306_DrawPixel	0	static
../Middlewares/stm32-ssd1306-master/ssd1306/ssd1306.c:237:6:ssd1306_WriteChar	64	static
../Middlewares/stm32-ssd1306-master/ssd1306/ssd1306.c:272:6:ssd1306_WriteString	24	static
../Middlewares/stm32-ssd1306-master/ssd1306/ssd1306.c:289:6:ssd1306_SetCursor	0	static
../Middlewares/stm32-ssd1306-master/ssd1306/ssd1306.c:295:6:ssd1306_Line	56	static
../Middlewares/stm32-ssd1306-master/ssd1306/ssd1306.c:331:6:ssd1306_Polyline	24	static
../Middlewares/stm32-ssd1306-master/ssd1306/ssd1306.c:366:6:ssd1306_DrawArc	80	static
../Middlewares/stm32-ssd1306-master/ssd1306/ssd1306.c:403:6:ssd1306_DrawCircle	48	static
../Middlewares/stm32-ssd1306-master/ssd1306/ssd1306.c:448:6:ssd1306_DrawRectangle	32	static
../Middlewares/stm32-ssd1306-master/ssd1306/ssd1306.c:457:6:ssd1306_SetContrast	32	static
../Middlewares/stm32-ssd1306-master/ssd1306/ssd1306.c:463:6:ssd1306_SetDisplayOn	24	static
../Middlewares/stm32-ssd1306-master/ssd1306/ssd1306.c:475:9:ssd1306_GetDisplayOn	0	static
