Archive member included to satisfy reference by file (symbol)

/Applications/ArmGNUToolchain/15.2.rel1/arm-none-eabi/bin/../lib/gcc/arm-none-eabi/15.2.1/../../../../arm-none-eabi/lib/thumb/v7-m/nofp/libc_nano.a(libc_a-exit.o)
                              /Applications/ArmGNUToolchain/15.2.rel1/arm-none-eabi/bin/../lib/gcc/arm-none-eabi/15.2.1/../../../../arm-none-eabi/lib/thumb/v7-m/nofp/crt0.o (exit)
/Applications/ArmGNUToolchain/15.2.rel1/arm-none-eabi/bin/../lib/gcc/arm-none-eabi/15.2.1/../../../../arm-none-eabi/lib/thumb/v7-m/nofp/libc_nano.a(libc_a-snprintf.o)
                              ./Core/Src/midi_cmds.o (snprintf)
/Applications/ArmGNUToolchain/15.2.rel1/arm-none-eabi/bin/../lib/gcc/arm-none-eabi/15.2.1/../../../../arm-none-eabi/lib/thumb/v7-m/nofp/libc_nano.a(libc_a-sprintf.o)
                              ./Core/Src/main.o (sprintf)
/Applications/ArmGNUToolchain/15.2.rel1/arm-none-eabi/bin/../lib/gcc/arm-none-eabi/15.2.1/../../../../arm-none-eabi/lib/thumb/v7-m/nofp/libc_nano.a(libc_a-findfp.o)
                              /Applications/ArmGNUToolchain/15.2.rel1/arm-none-eabi/bin/../lib/gcc/arm-none-eabi/15.2.1/../../../../arm-none-eabi/lib/thumb/v7-m/nofp/libc_nano.a(libc_a-exit.o) (__stdio_exit_handler)
/Applications/ArmGNUToolchain/15.2.rel1/arm-none-eabi/bin/../lib/gcc/arm-none-eabi/15.2.1/../../../../arm-none-eabi/lib/thumb/v7-m/nofp/libc_nano.a(libc_a-fwalk.o)
                              /Applications/ArmGNUToolchain/15.2.rel1/arm-none-eabi/bin/../lib/gcc/arm-none-eabi/15.2.1/../../../../arm-none-eabi/lib/thumb/v7-m/nofp/libc_nano.a(libc_a-findfp.o) (_fwalk_sglue)
/Applications/ArmGNUToolchain/15.2.rel1/arm-none-eabi/bin/../lib/gcc/arm-none-eabi/15.2.1/../../../../arm-none-eabi/lib/thumb/v7-m/nofp/libc_nano.a(libc_a-memmove.o)
                              ./Middlewares/stm32-ssd1306-master/ssd1306/ssd1306_tests.o (memmove)
/Applications/ArmGNUToolchain/15.2.rel1/arm-none-eabi/bin/../lib/gcc/arm-none-eabi/15.2.1/../../../../arm-none-eabi/lib/thumb/v7-m/nofp/libc_nano.a(libc_a-memset.o)
                              /Applications/ArmGNUToolchain/15.2.rel1/arm-none-eabi/bin/../lib/gcc/arm-none-eabi/15.2.1/../../../../arm-none-eabi/lib/thumb/v7-m/nofp/crt0.o (memset)
/Applications/ArmGNUToolchain/15.2.rel1/arm-none-eabi/bin/../lib/gcc/arm-none-eabi/15.2.1/../../../../arm-none-eabi/lib/thumb/v7-m/nofp/libc_nano.a(libc_a-errno.o)
                              ./Core/Src/syscalls.o (__errno)
/Applications/ArmGNUToolchain/15.2.rel1/arm-none-eabi/bin/../lib/gcc/arm-none-eabi/15.2.1/../../../../arm-none-eabi/lib/thumb/v7-m/nofp/libc_nano.a(libc_a-init.o)
                              /Applications/ArmGNUToolchain/15.2.rel1/arm-none-eabi/bin/../lib/gcc/arm-none-eabi/15.2.1/../../../../arm-none-eabi/lib/thumb/v7-m/nofp/crt0.o (__libc_init_array)
/Applications/ArmGNUToolchain/15.2.rel1/arm-none-eabi/bin/../lib/gcc/arm-none-eabi/15.2.1/../../../../arm-none-eabi/lib/thumb/v7-m/nofp/libc_nano.a(libc_a-lock.o)
                              /Applications/ArmGNUToolchain/15.2.rel1/arm-none-eabi/bin/../lib/gcc/arm-none-eabi/15.2.1/../../../../arm-none-eabi/lib/thumb/v7-m/nofp/libc_nano.a(libc_a-findfp.o) (__retarget_lock_init_recursive)
/Applications/ArmGNUToolchain/15.2.rel1/arm-none-eabi/bin/../lib/gcc/arm-none-eabi/15.2.1/../../../../arm-none-eabi/lib/thumb/v7-m/nofp/libc_nano.a(libc_a-impure.o)
                              /Applications/ArmGNUToolchain/15.2.rel1/arm-none-eabi/bin/../lib/gcc/arm-none-eabi/15.2.1/../../../../arm-none-eabi/lib/thumb/v7-m/nofp/libc_nano.a(libc_a-snprintf.o) (_impure_ptr)
/Applications/ArmGNUToolchain/15.2.rel1/arm-none-eabi/bin/../lib/gcc/arm-none-eabi/15.2.1/../../../../arm-none-eabi/lib/thumb/v7-m/nofp/libc_nano.a(libc_a-memcpy-stub.o)
                              ./Middlewares/stm32-ssd1306-master/ssd1306/ssd1306.o (memcpy)
/Applications/ArmGNUToolchain/15.2.rel1/arm-none-eabi/bin/../lib/gcc/arm-none-eabi/15.2.1/../../../../arm-none-eabi/lib/thumb/v7-m/nofp/libc_nano.a(libc_a-strlen.o)
                              ./Core/Src/display.o (strlen)
/Applications/ArmGNUToolchain/15.2.rel1/arm-none-eabi/bin/../lib/gcc/arm-none-eabi/15.2.1/../../../../arm-none-eabi/lib/thumb/v7-m/nofp/libc_nano.a(libc_a-nano-svfprintf.o)
                              /Applications/ArmGNUToolchain/15.2.rel1/arm-none-eabi/bin/../lib/gcc/arm-none-eabi/15.2.1/../../../../arm-none-eabi/lib/thumb/v7-m/nofp/libc_nano.a(libc_a-snprintf.o) (_svfprintf_r)
/Applications/ArmGNUToolchain/15.2.rel1/arm-none-eabi/bin/../lib/gcc/arm-none-eabi/15.2.1/../../../../arm-none-eabi/lib/thumb/v7-m/nofp/libc_nano.a(libc_a-mallocr.o)
                              /Applications/ArmGNUToolchain/15.2.rel1/arm-none-eabi/bin/../lib/gcc/arm-none-eabi/15.2.1/../../../../arm-none-eabi/lib/thumb/v7-m/nofp/libc_nano.a(libc_a-findfp.o) (_malloc_r)
/Applications/ArmGNUToolchain/15.2.rel1/arm-none-eabi/bin/../lib/gcc/arm-none-eabi/15.2.1/../../../../arm-none-eabi/lib/thumb/v7-m/nofp/libc_nano.a(libc_a-nano-vfprintf_i.o)
[...]
Memory Configuration

Name             Origin             Length             Attributes
RAM              0x20000000         0x00010000         xrw
FLASH            0x08003000         0x0003d000         xr
*default*        0x00000000         0xffffffff

Linker script and memory map

LOAD /Applications/ArmGNUToolchain/15.2.rel1/arm-none-eabi/bin/../lib/gcc/arm-none-eabi/15.2.1/thumb/v7-m/nofp/crti.o
LOAD /Applications/ArmGNUToolchain/15.2.rel1/arm-none-eabi/bin/../lib/gcc/arm-none-eabi/15.2.1/thumb/v7-m/nofp/crtbegin.o
LOAD /Applications/ArmGNUToolchain/15.2.rel1/arm-none-eabi/bin/../lib/gcc/arm-none-eabi/15.2.1/../../../../arm-none-eabi/lib/thumb/v7-m/nofp/crt0.o
LOAD ./Core/Src/display.o
LOAD ./Core/Src/flash_midi_settings.o
LOAD ./Core/Src/main.o
LOAD ./Core/Src/midi_cmds.o
LOAD ./Core/Src/stm32f1xx_hal_msp.o
LOAD ./Core/Src/stm32f1xx_it.o
LOAD ./Core/Src/switch_router.o
LOAD ./Core/Src/syscalls.o
LOAD ./Core/Src/sysmem.o
LOAD ./Core/Src/system_stm32f1xx.o
LOAD ./Core/Startup/startup_stm32f103retx.o
LOAD ./Drivers/STM32F1xx_HAL_Driver/Src/stm32f1xx_hal.o
LOAD ./Drivers/STM32F1xx_HAL_Driver/Src/stm32f1xx_hal_cortex.o
LOAD ./Drivers/STM32F1xx_HAL_Driver/Src/stm32f1xx_hal_dma.o
LOAD ./Drivers/STM32F1xx_HAL_Driver/Src/stm32f1xx_hal_exti.o
LOAD ./Drivers/STM32F1xx_HAL_Driver/Src/stm32f1xx_hal_flash.o
LOAD ./Drivers/STM32F1xx_HAL_Driver/Src/stm32f1xx_hal_flash_ex.o
LOAD ./Drivers/STM32F1xx_HAL_Driver/Src/stm32f1xx_hal_gpio.o
LOAD ./Drivers/STM32F1xx_HAL_Driver/Src/stm32f1xx_hal_gpio_ex.o
LOAD ./Drivers/STM32F1xx_HAL_Driver/Src/stm32f1xx_hal_i2c.o
LOAD ./Drivers/STM32F1xx_HAL_Driver/Src/stm32f1xx_hal_pcd.o
LOAD ./Drivers/STM32F1xx_HAL_Driver/Src/stm32f1xx_hal_pcd_ex.o
LOAD ./Drivers/STM32F1xx_HAL_Driver/Src/stm32f1xx_hal_pwr.o
LOAD ./Drivers/STM32F1xx_HAL_Driver/Src/stm32f1xx_hal_rcc.o
LOAD ./Drivers/STM32F1xx_HAL_Driver/Src/stm32f1xx_hal_rcc_ex.o
LOAD ./Drivers/STM32F1xx_HAL_Driver/Src/stm32f1xx_hal_tim.o
LOAD ./Drivers/STM32F1xx_HAL_Driver/Src/stm32f1xx_hal_tim_ex.o
LOAD ./Drivers/STM32F1xx_HAL_Driver/Src/stm32f1xx_hal_uart.o
LOAD ./Drivers/STM32F1xx_HAL_Driver/Src/stm32f1xx_ll_usb.o
LOAD ./Middlewares/ST/STM32_USB_Device_Library/Class/AUDIO/Src/usbd_audio.o
LOAD ./Middlewares/ST/STM32_USB_Device_Library/Class/MIDI/Src/usbd_midi.o
LOAD ./Middlewares/ST/STM32_USB_Device_Library/Core/Src/usbd_core.o
LOAD ./Middlewares/ST/STM32_USB_Device_Library/Core/Src/usbd_ctlreq.o
LOAD ./Middlewares/ST/STM32_USB_Device_Library/Core/Src/usbd_ioreq.o
LOAD ./Middlewares/stm32-ssd1306-master/ssd1306/ssd1306.o
LOAD ./Middlewares/stm32-ssd1306-master/ssd1306/ssd1306_fonts.o
LOAD ./Middlewares/stm32-ssd1306-master/ssd1306/ssd1306_tests.o
LOAD ./USB_DEVICE/App/usb_device.o
LOAD ./USB_DEVICE/App/usbd_audio_if.o
LOAD ./USB_DEVICE/App/usbd_desc.o
LOAD ./USB_DEVICE/App/usbd_midi_if.o
LOAD ./USB_DEVICE/Target/usbd_conf.o
START GROUP
LOAD /Applications/ArmGNUToolchain/15.2.rel1/arm-none-eabi/bin/../lib/gcc/arm-none-eabi/15.2.1/../../../../arm-none-eabi/lib/thumb/v7-m/nofp/libc_nano.a
LOAD /Applications/ArmGNUToolchain/15.2.rel1/arm-none-eabi/bin/../lib/gcc/arm-none-eabi/15.2.1/../../../../arm-none-eabi/lib/thumb/v7-m/nofp/libm.a
END GROUP
START GROUP
LOAD /Applications/ArmGNUToolchain/15.2.rel1/arm-none-eabi/bin/../lib/gcc/arm-none-eabi/15.2.1/thumb/v7-m/nofp/libgcc.a
LOAD /Applications/ArmGNUToolchain/15.2.rel1/arm-none-eabi/bin/../lib/gcc/arm-none-eabi/15.2.1/../../../../arm-none-eabi/lib/thumb/v7-m/nofp/libc_nano.a
END GROUP
START GROUP
LOAD /Applications/ArmGNUToolchain/15.2.rel1/arm-none-eabi/bin/../lib/gcc/arm-none-eabi/15.2.1/thumb/v7-m/nofp/libgcc.a
LOAD /Applications/ArmGNUToolchain/15.2.rel1/arm-none-eabi/bin/../lib/gcc/arm-none-eabi/15.2.1/../../../../arm-none-eabi/lib/thumb/v7-m/nofp/libc_nano.a
LOAD /Applications/ArmGNUToolchain/15.2.rel1/arm-none-eabi/bin/../lib/gcc/arm-none-eabi/15.2.1/../../../../arm-none-eabi/lib/thumb/v7-m/nofp/libnosys.a
END GROUP
START GROUP
LOAD /Applications/ArmGNUToolchain/15.2.rel1/arm-none-eabi/bin/../lib/gcc/arm-none-eabi/15.2.1/thumb/v7-m/nofp/libgcc.a
LOAD /Applications/ArmGNUToolchain/15.2.rel1/arm-none-eabi/bin/../lib/gcc/arm-none-eabi/15.2.1/../../../../arm-none-eabi/lib/thumb/v7-m/nofp/libc_nano.a
LOAD /Applications/ArmGNUToolchain/15.2.rel1/arm-none-eabi/bin/../lib/gcc/arm-none-eabi/15.2.1/../../../../arm-none-eabi/lib/thumb/v7-m/nofp/libnosys.a
END GROUP
LOAD /Applications/ArmGNUToolchain/15.2.rel1/arm-none-eabi/bin/../lib/gcc/arm-none-eabi/15.2.1/thumb/v7-m/nofp/crtend.o
LOAD /Applications/ArmGNUToolchain/15.2.rel1/arm-none-eabi/bin/../lib/gcc/arm-none-eabi/15.2.1/thumb/v7-m/nofp/crtn.o
                0x20010000                        _estack = (ORIGIN (RAM) + LENGTH (RAM))
                0x00000800                        _Min_Heap_Size = 0x800
                0x00000400                        _Min_Stack_Size = 0x400

.isr_vector     0x08003000      0x1e4
                0x08003000                        . = ALIGN (0x4)
 *(.isr_vector)
 .isr_vector    0x08003000      0x1e4 ./Core/Startup/startup_stm32f103retx.o
                0x08003000                g_pfnVectors
                0x080031e4                        . = ALIGN (0x4)

.text           0x080031e4     0x7e34
                0x080031e4                        . = ALIGN (0x4)
 *(.text)
 .text          0x080031e4       0x10 /Applications/ArmGNUToolchain/15.2.rel1/arm-none-eabi/bin/../lib/gcc/arm-none-eabi/15.2.1/../../../../arm-none-eabi/lib/thumb/v7-m/nofp/libc_nano.a(libc_a-strlen.o)
                0x080031e4                strlen
 *(.text*)
 .text.deregister_tm_clones
                0x080031f4       0x1c /Applications/ArmGNUToolchain/15.2.rel1/arm-none-eabi/bin/../lib/gcc/arm-none-eabi/15.2.1/thumb/v7-m/nofp/crtbegin.o
 .text.register_tm_clones
                0x08003210       0x24 /Applications/ArmGNUToolchain/15.2.rel1/arm-none-eabi/bin/../lib/gcc/arm-none-eabi/15.2.1/thumb/v7-m/nofp/crtbegin.o
 .text.__do_global_dtors_aux
                0x08003234       0x28 /Applications/ArmGNUToolchain/15.2.rel1/arm-none-eabi/bin/../lib/gcc/arm-none-eabi/15.2.1/thumb/v7-m/nofp/crtbegin.o
 .text.frame_dummy
                0x0800325c       0x24 /Applications/ArmGNUToolchain/15.2.rel1/arm-none-eabi/bin/../lib/gcc/arm-none-eabi/15.2.1/thumb/v7-m/nofp/crtbegin.o
 .text.display_init
                0x08003280       0xb8 ./Core/Src/display.o
                0x08003280                display_init
 .text.display_showLabelText
                0x08003338       0x60 ./Core/Src/display.o
                0x08003338                display_showLabelText
 .text.display_showLabelBitmap
                0x08003398       0x6c ./Core/Src/display.o
                0x08003398                display_showLabelBitmap
 .text.display_setBankName
                0x08003404       0x6c ./Core/Src/display.o
                0x08003404                display_setBankName
 .text.display_tick
                0x08003470       0x2c ./Core/Src/display.o
                0x08003470                display_tick
 .text.flash_settings_erase
                0x0800349c       0x3c ./Core/Src/flash_midi_settings.o
                0x0800349c                flash_settings_erase
 .text.flash_settings_write
                0x080034d8       0x6c ./Core/Src/flash_midi_settings.o
                0x080034d8                flash_settings_write
 .text.SystemClock_Config
                0x08003544       0x84 ./Core/Src/main.o
                0x08003544                SystemClock_Config
 .text.Error    0x080035c8       0x50 ./Core/Src/main.o
                0x080035c8                Error
 .text.startup.main
                0x08003618      0x40c ./Core/Src/main.o
                0x08003618                main
 .text.Error_Handler
                0x08003a24        0x4 ./Core/Src/main.o
                0x08003a24                Error_Handler
 .text.midiCmd_get_cmd_toggle
                0x08003a28        0x8 ./Core/Src/midi_cmds.o
                0x08003a28                midiCmd_get_cmd_toggle
 .text.midiCmd_get_delay
                0x08003a30        0xc ./Core/Src/midi_cmds.o
                0x08003a30                midiCmd_get_delay
 .text.midi_serial_start_next_dma
                0x08003a3c       0x60 ./Core/Src/midi_cmds.o
                0x08003a3c                midi_serial_start_next_dma
 .text.HAL_UART_TxCpltCallback
                0x08003a9c       0x28 ./Core/Src/midi_cmds.o
                0x08003a9c                HAL_UART_TxCpltCallback
 .text.midiCmd_send_stop_command
                0x08003ac4       0x84 ./Core/Src/midi_cmds.o
                0x08003ac4                midiCmd_send_stop_command
 .text.midiCmd_send_byte_serial
                0x08003b48       0x74 ./Core/Src/midi_cmds.o
                0x08003b48                midiCmd_send_byte_serial
 .text.midiCmd_send_start_command
                0x08003bbc       0x84 ./Core/Src/midi_cmds.o
                0x08003bbc                midiCmd_send_start_command
 .text.midiCmd_send_pb_command_from_rom
                0x08003c40       0xbc ./Core/Src/midi_cmds.o
                0x08003c40                midiCmd_send_pb_command_from_rom
 .text.midiCmd_send_note_command_from_rom
                0x08003cfc       0xdc ./Core/Src/midi_cmds.o
                0x08003cfc                midiCmd_send_note_command_from_rom
 .text.midiCmd_send_cc_command_from_rom
                0x08003dd8       0xd0 ./Core/Src/midi_cmds.o
                0x08003dd8                midiCmd_send_cc_command_from_rom
 .text.midiCmd_send_cc_value
                0x08003ea8       0xbc ./Core/Src/midi_cmds.o
                0x08003ea8                midiCmd_send_cc_value
 .text.midiCmd_send_pc_command_from_rom
                0x08003f64      0x148 ./Core/Src/midi_cmds.o
                0x08003f64                midiCmd_send_pc_command_from_rom
 .text.HAL_MspInit
                0x080040ac       0x44 ./Core/Src/stm32f1xx_hal_msp.o
                0x080040ac                HAL_MspInit
 .text.HAL_I2C_MspInit
                0x080040f0       0xbc ./Core/Src/stm32f1xx_hal_msp.o
                0x080040f0                HAL_I2C_MspInit
 .text.HAL_UART_MspInit
                0x080041ac       0xc0 ./Core/Src/stm32f1xx_hal_msp.o
                0x080041ac                HAL_UART_MspInit
 .text.NMI_Handler
                0x0800426c        0x4 ./Core/Src/stm32f1xx_it.o
                0x0800426c                NMI_Handler
 .text.HardFault_Handler
                0x08004270        0x4 ./Core/Src/stm32f1xx_it.o
                0x08004270                HardFault_Handler
 .text.MemManage_Handler
                0x08004274        0x4 ./Core/Src/stm32f1xx_it.o
                0x08004274                MemManage_Handler
 .text.BusFault_Handler
                0x08004278        0x4 ./Core/Src/stm32f1xx_it.o
                0x08004278                BusFault_Handler
 .text.UsageFault_Handler
                0x0800427c        0x4 ./Core/Src/stm32f1xx_it.o
                0x0800427c                UsageFault_Handler
 .text.SVC_Handler
                0x08004280        0x4 ./Core/Src/stm32f1xx_it.o
                0x08004280                SVC_Handler
 .text.DebugMon_Handler
                0x08004284        0x4 ./Core/Src/stm32f1xx_it.o
                0x08004284                DebugMon_Handler
 .text.PendSV_Handler
                0x08004288        0x4 ./Core/Src/stm32f1xx_it.o
                0x08004288                PendSV_Handler
 .text.SysTick_Handler
                0x0800428c       0x14 ./Core/Src/stm32f1xx_it.o
                0x0800428c                SysTick_Handler
 .text.DMA1_Channel6_IRQHandler
                0x080042a0        0xc ./Core/Src/stm32f1xx_it.o
                0x080042a0                DMA1_Channel6_IRQHandler
 .text.DMA1_Channel7_IRQHandler
                0x080042ac        0xc ./Core/Src/stm32f1xx_it.o
                0x080042ac                DMA1_Channel7_IRQHandler
 .text.USB_HP_CAN1_TX_IRQHandler
                0x080042b8        0xc ./Core/Src/stm32f1xx_it.o
                0x080042b8                USB_HP_CAN1_TX_IRQHandler
 .text.USB_LP_CAN1_RX0_IRQHandler
                0x080042c4        0xc ./Core/Src/stm32f1xx_it.o
                0x080042c4                USB_LP_CAN1_RX0_IRQHandler
 .text.I2C1_EV_IRQHandler
                0x080042d0        0xc ./Core/Src/stm32f1xx_it.o
                0x080042d0                I2C1_EV_IRQHandler
 .text.USART2_IRQHandler
                0x080042dc        0xc ./Core/Src/stm32f1xx_it.o
                0x080042dc                USART2_IRQHandler
 .text.sw_scan  0x080042e8       0xcc ./Core/Src/switch_router.o
                0x080042e8                sw_scan
 .text.sw_led_init
                0x080043b4       0x90 ./Core/Src/switch_router.o
                0x080043b4                sw_led_init
 .text.handle_delayed_cmds
                0x08004444       0x48 ./Core/Src/switch_router.o
                0x08004444                handle_delayed_cmds
 .text.set_cmd_duration_delay
                0x0800448c       0x44 ./Core/Src/switch_router.o
                0x0800448c                set_cmd_duration_delay
 .text.handle_cmd_sw_down
                0x080044d0       0xd4 ./Core/Src/switch_router.o
                0x080044d0                handle_cmd_sw_down
 .text.handle_cmd_sw_up
                0x080045a4       0x7c ./Core/Src/switch_router.o
                0x080045a4                handle_cmd_sw_up
 .text.handle_switches
                0x08004620      0x250 ./Core/Src/switch_router.o
                0x08004620                handle_switches
 .text._sbrk    0x08004870       0x50 ./Core/Src/sysmem.o
                0x08004870                _sbrk
 .text.SystemInit
                0x080048c0       0x10 ./Core/Src/system_stm32f1xx.o
                0x080048c0                SystemInit
 .text.Reset_Handler
                0x080048d0       0x48 ./Core/Startup/startup_stm32f103retx.o
                0x080048d0                Reset_Handler
 .text.Default_Handler
                0x08004918        0x2 ./Core/Startup/startup_stm32f103retx.o
                0x08004918                DMA2_Channel3_IRQHandler
                0x08004918                EXTI2_IRQHandler
                0x08004918                TIM8_TRG_COM_IRQHandler
                0x08004918                TIM8_CC_IRQHandler
                0x08004918                TIM1_CC_IRQHandler
                0x08004918                TIM6_IRQHandler
                0x08004918                PVD_IRQHandler
                0x08004918                SDIO_IRQHandler
                0x08004918                EXTI3_IRQHandler
                0x08004918                EXTI0_IRQHandler
                0x08004918                I2C2_EV_IRQHandler
                0x08004918                ADC1_2_IRQHandler
                0x08004918                SPI1_IRQHandler
                0x08004918                TAMPER_IRQHandler
                0x08004918                TIM8_UP_IRQHandler
                0x08004918                DMA2_Channel2_IRQHandler
                0x08004918                DMA1_Channel4_IRQHandler
                0x08004918                USART3_IRQHandler
                0x08004918                RTC_IRQHandler
                0x08004918                CAN1_RX1_IRQHandler
                0x08004918                UART5_IRQHandler
                0x08004918                ADC3_IRQHandler
                0x08004918                TIM4_IRQHandler
                0x08004918                DMA2_Channel1_IRQHandler
                0x08004918                UART4_IRQHandler
                0x08004918                TIM3_IRQHandler
                0x08004918                RCC_IRQHandler
                0x08004918                TIM1_TRG_COM_IRQHandler
                0x08004918                DMA1_Channel1_IRQHandler
                0x08004918                Default_Handler
                0x08004918                EXTI15_10_IRQHandler
                0x08004918                TIM7_IRQHandler
                0x08004918                TIM5_IRQHandler
                0x08004918                EXTI9_5_IRQHandler
                0x08004918                SPI2_IRQHandler
                0x08004918                DMA1_Channel5_IRQHandler
                0x08004918                EXTI4_IRQHandler
                0x08004918                DMA1_Channel3_IRQHandler
                0x08004918                FSMC_IRQHandler
                0x08004918                TIM1_UP_IRQHandler
                0x08004918                WWDG_IRQHandler
                0x08004918                TIM2_IRQHandler
                0x08004918                TIM1_BRK_IRQHandler
                0x08004918                EXTI1_IRQHandler
                0x08004918                DMA2_Channel4_5_IRQHandler
                0x08004918                I2C2_ER_IRQHandler
                0x08004918                DMA1_Channel2_IRQHandler
                0x08004918                TIM8_BRK_IRQHandler
                0x08004918                CAN1_SCE_IRQHandler
                0x08004918                FLASH_IRQHandler
                0x08004918                USART1_IRQHandler
                0x08004918                SPI3_IRQHandler
                0x08004918                I2C1_ER_IRQHandler
                0x08004918                USBWakeUp_IRQHandler
                0x08004918                RTC_Alarm_IRQHandler
 *fill*         0x0800491a        0x2 
 .text.HAL_InitTick
                0x0800491c       0x50 ./Drivers/STM32F1xx_HAL_Driver/Src/stm32f1xx_hal.o
                0x0800491c                HAL_InitTick
 .text.HAL_Init
                0x0800496c       0x24 ./Drivers/STM32F1xx_HAL_Driver/Src/stm32f1xx_hal.o
                0x0800496c                HAL_Init
 .text.HAL_IncTick
                0x08004990       0x18 ./Drivers/STM32F1xx_HAL_Driver/Src/stm32f1xx_hal.o
                0x08004990                HAL_IncTick
 .text.HAL_GetTick
                0x080049a8        0xc ./Drivers/STM32F1xx_HAL_Driver/Src/stm32f1xx_hal.o
                0x080049a8                HAL_GetTick
 .text.HAL_Delay
                0x080049b4       0x24 ./Drivers/STM32F1xx_HAL_Driver/Src/stm32f1xx_hal.o
                0x080049b4                HAL_Delay
 .text.HAL_NVIC_SetPriorityGrouping
                0x080049d8       0x24 ./Drivers/STM32F1xx_HAL_Driver/Src/stm32f1xx_hal_cortex.o
                0x080049d8                HAL_NVIC_SetPriorityGrouping
 .text.HAL_NVIC_SetPriority
                0x080049fc       0x64 ./Drivers/STM32F1xx_HAL_Driver/Src/stm32f1xx_hal_cortex.o
                0x080049fc                HAL_NVIC_SetPriority
 .text.HAL_NVIC_EnableIRQ
                0x08004a60       0x1c ./Drivers/STM32F1xx_HAL_Driver/Src/stm32f1xx_hal_cortex.o
                0x08004a60                HAL_NVIC_EnableIRQ
 .text.HAL_SYSTICK_Config
                0x08004a7c       0x2c ./Drivers/STM32F1xx_HAL_Driver/Src/stm32f1xx_hal_cortex.o
                0x08004a7c                HAL_SYSTICK_Config
 .text.HAL_DMA_Init
                0x08004aa8       0x90 ./Drivers/STM32F1xx_HAL_Driver/Src/stm32f1xx_hal_dma.o
                0x08004aa8                HAL_DMA_Init
 .text.HAL_DMA_Start_IT
                0x08004b38       0x90 ./Drivers/STM32F1xx_HAL_Driver/Src/stm32f1xx_hal_dma.o
                0x08004b38                HAL_DMA_Start_IT
 .text.HAL_DMA_Abort
                0x08004bc8       0x48 ./Drivers/STM32F1xx_HAL_Driver/Src/stm32f1xx_hal_dma.o
                0x08004bc8                HAL_DMA_Abort
 .text.HAL_DMA_Abort_IT
                0x08004c10       0xdc ./Drivers/STM32F1xx_HAL_Driver/Src/stm32f1xx_hal_dma.o
                0x08004c10                HAL_DMA_Abort_IT
 .text.HAL_DMA_IRQHandler
                0x08004cec      0x1dc ./Drivers/STM32F1xx_HAL_Driver/Src/stm32f1xx_hal_dma.o
                0x08004cec                HAL_DMA_IRQHandler
 .text.HAL_DMA_GetState
                0x08004ec8        0x8 ./Drivers/STM32F1xx_HAL_Driver/Src/stm32f1xx_hal_dma.o
                0x08004ec8                HAL_DMA_GetState
 .text.FLASH_SetErrorCode
                0x08004ed0       0x54 ./Drivers/STM32F1xx_HAL_Driver/Src/stm32f1xx_hal_flash.o
 .text.HAL_FLASH_Unlock
                0x08004f24       0x28 ./Drivers/STM32F1xx_HAL_Driver/Src/stm32f1xx_hal_flash.o
                0x08004f24                HAL_FLASH_Unlock
 .text.HAL_FLASH_Lock
                0x08004f4c       0x14 ./Drivers/STM32F1xx_HAL_Driver/Src/stm32f1xx_hal_flash.o
                0x08004f4c                HAL_FLASH_Lock
 .text.FLASH_WaitForLastOperation
                0x08004f60       0x6c ./Drivers/STM32F1xx_HAL_Driver/Src/stm32f1xx_hal_flash.o
                0x08004f60                FLASH_WaitForLastOperation
 .text.HAL_FLASH_Program
                0x08004fcc       0xa4 ./Drivers/STM32F1xx_HAL_Driver/Src/stm32f1xx_hal_flash.o
                0x08004fcc                HAL_FLASH_Program
 .text.HAL_FLASHEx_Erase
                0x08005070       0xc0 ./Drivers/STM32F1xx_HAL_Driver/Src/stm32f1xx_hal_flash_ex.o
                0x08005070                HAL_FLASHEx_Erase
 .text.HAL_GPIO_Init
                0x08005130      0x248 ./Drivers/STM32F1xx_HAL_Driver/Src/stm32f1xx_hal_gpio.o
                0x08005130                HAL_GPIO_Init
 .text.HAL_GPIO_ReadPin
                0x08005378        0xc ./Drivers/STM32F1xx_HAL_Driver/Src/stm32f1xx_hal_gpio.o
                0x08005378                HAL_GPIO_ReadPin
 .text.HAL_GPIO_WritePin
                0x08005384        0x8 ./Drivers/STM32F1xx_HAL_Driver/Src/stm32f1xx_hal_gpio.o
                0x08005384                HAL_GPIO_WritePin
 .text.I2C_WaitOnMasterAddressFlagUntilTimeout
                0x0800538c       0xac ./Drivers/STM32F1xx_HAL_Driver/Src/stm32f1xx_hal_i2c.o
 .text.I2C_WaitOnTXEFlagUntilTimeout
                0x08005438       0x84 ./Drivers/STM32F1xx_HAL_Driver/Src/stm32f1xx_hal_i2c.o
 .text.I2C_RequestMemoryWrite
                0x080054bc       0xec ./Drivers/STM32F1xx_HAL_Driver/Src/stm32f1xx_hal_i2c.o
 .text.HAL_I2C_Init
                0x080055a8      0x19c ./Drivers/STM32F1xx_HAL_Driver/Src/stm32f1xx_hal_i2c.o
                0x080055a8                HAL_I2C_Init
 .text.HAL_I2C_Mem_Write_DMA
                0x08005744      0x1a4 ./Drivers/STM32F1xx_HAL_Driver/Src/stm32f1xx_hal_i2c.o
                0x08005744                HAL_I2C_Mem_Write_DMA
 .text.HAL_I2C_MasterTxCpltCallback
                0x080058e8        0x4 ./Drivers/STM32F1xx_HAL_Driver/Src/stm32f1xx_hal_i2c.o
                0x080058e8                HAL_I2C_MasterTxCpltCallback
 .text.HAL_I2C_MasterRxCpltCallback
                0x080058ec        0x4 ./Drivers/STM32F1xx_HAL_Driver/Src/stm32f1xx_hal_i2c.o
                0x080058ec                HAL_I2C_MasterRxCpltCallback
 .text.HAL_I2C_SlaveTxCpltCallback
                0x080058f0        0x4 ./Drivers/STM32F1xx_HAL_Driver/Src/stm32f1xx_hal_i2c.o
                0x080058f0                HAL_I2C_SlaveTxCpltCallback
 .text.HAL_I2C_SlaveRxCpltCallback
                0x080058f4        0x4 ./Drivers/STM32F1xx_HAL_Driver/Src/stm32f1xx_hal_i2c.o
                0x080058f4                HAL_I2C_SlaveRxCpltCallback
 .text.HAL_I2C_AddrCallback
                0x080058f8        0x4 ./Drivers/STM32F1xx_HAL_Driver/Src/stm32f1xx_hal_i2c.o
                0x080058f8                HAL_I2C_AddrCallback
 .text.HAL_I2C_ListenCpltCallback
                0x080058fc        0x4 ./Drivers/STM32F1xx_HAL_Driver/Src/stm32f1xx_hal_i2c.o
                0x080058fc                HAL_I2C_ListenCpltCallback
 .text.I2C_MemoryTransmit_TXE_BTF
                0x08005900       0xc0 ./Drivers/STM32F1xx_HAL_Driver/Src/stm32f1xx_hal_i2c.o
 .text.HAL_I2C_MemRxCpltCallback
                0x080059c0        0x4 ./Drivers/STM32F1xx_HAL_Driver/Src/stm32f1xx_hal_i2c.o
                0x080059c0                HAL_I2C_MemRxCpltCallback
 .text.HAL_I2C_ErrorCallback
                0x080059c4        0x4 ./Drivers/STM32F1xx_HAL_Driver/Src/stm32f1xx_hal_i2c.o
                0x080059c4                HAL_I2C_ErrorCallback
 .text.I2C_DMAError
                0x080059c8       0x3c ./Drivers/STM32F1xx_HAL_Driver/Src/stm32f1xx_hal_i2c.o
 .text.I2C_DMAXferCplt
                0x08005a04      0x13c ./Drivers/STM32F1xx_HAL_Driver/Src/stm32f1xx_hal_i2c.o
 .text.HAL_I2C_AbortCpltCallback
                0x08005b40        0x4 ./Drivers/STM32F1xx_HAL_Driver/Src/stm32f1xx_hal_i2c.o
                0x08005b40                HAL_I2C_AbortCpltCallback
 .text.I2C_DMAAbort
                0x08005b44      0x104 ./Drivers/STM32F1xx_HAL_Driver/Src/stm32f1xx_hal_i2c.o
 .text.I2C_ITError
                0x08005c48      0x16c ./Drivers/STM32F1xx_HAL_Driver/Src/stm32f1xx_hal_i2c.o
 .text.HAL_I2C_EV_IRQHandler
                0x08005db4      0xa00 ./Drivers/STM32F1xx_HAL_Driver/Src/stm32f1xx_hal_i2c.o
                0x08005db4                HAL_I2C_EV_IRQHandler
 .text.HAL_I2C_GetState
                0x080067b4        0x8 ./Drivers/STM32F1xx_HAL_Driver/Src/stm32f1xx_hal_i2c.o
                0x080067b4                HAL_I2C_GetState
 .text.HAL_PCD_Init
                0x080067bc       0xfc ./Drivers/STM32F1xx_HAL_Driver/Src/stm32f1xx_hal_pcd.o
                0x080067bc                HAL_PCD_Init
 .text.HAL_PCD_Start
                0x080068b8       0x34 ./Drivers/STM32F1xx_HAL_Driver/Src/stm32f1xx_hal_pcd.o
                0x080068b8                HAL_PCD_Start
 .text.HAL_PCD_IRQHandler
                0x080068ec      0x9d4 ./Drivers/STM32F1xx_HAL_Driver/Src/stm32f1xx_hal_pcd.o
                0x080068ec                HAL_PCD_IRQHandler
 .text.HAL_PCD_SetAddress
                0x080072c0       0x34 ./Drivers/STM32F1xx_HAL_Driver/Src/stm32f1xx_hal_pcd.o
                0x080072c0                HAL_PCD_SetAddress
 .text.HAL_PCD_EP_Open
                0x080072f4       0x80 ./Drivers/STM32F1xx_HAL_Driver/Src/stm32f1xx_hal_pcd.o
                0x080072f4                HAL_PCD_EP_Open
 .text.HAL_PCD_EP_Close
                0x08007374       0x68 ./Drivers/STM32F1xx_HAL_Driver/Src/stm32f1xx_hal_pcd.o
                0x08007374                HAL_PCD_EP_Close
 .text.HAL_PCD_EP_Receive
                0x080073dc       0x30 ./Drivers/STM32F1xx_HAL_Driver/Src/stm32f1xx_hal_pcd.o
                0x080073dc                HAL_PCD_EP_Receive
 .text.HAL_PCD_EP_Transmit
                0x0800740c       0x44 ./Drivers/STM32F1xx_HAL_Driver/Src/stm32f1xx_hal_pcd.o
                0x0800740c                HAL_PCD_EP_Transmit
 .text.HAL_PCD_EP_SetStall
                0x08007450       0x88 ./Drivers/STM32F1xx_HAL_Driver/Src/stm32f1xx_hal_pcd.o
                0x08007450                HAL_PCD_EP_SetStall
 .text.HAL_PCD_EP_ClrStall
                0x080074d8       0x7c ./Drivers/STM32F1xx_HAL_Driver/Src/stm32f1xx_hal_pcd.o
                0x080074d8                HAL_PCD_EP_ClrStall
 .text.HAL_PCDEx_PMAConfig
                0x08007554       0x38 ./Drivers/STM32F1xx_HAL_Driver/Src/stm32f1xx_hal_pcd_ex.o
                0x08007554                HAL_PCDEx_PMAConfig
 .text.HAL_RCC_OscConfig
                0x0800758c      0x3ec ./Drivers/STM32F1xx_HAL_Driver/Src/stm32f1xx_hal_rcc.o
                0x0800758c                HAL_RCC_OscConfig
 .text.HAL_RCC_GetSysClockFreq
                0x08007978       0x78 ./Drivers/STM32F1xx_HAL_Driver/Src/stm32f1xx_hal_rcc.o
                0x08007978                HAL_RCC_GetSysClockFreq
 .text.HAL_RCC_ClockConfig
                0x080079f0      0x140 ./Drivers/STM32F1xx_HAL_Driver/Src/stm32f1xx_hal_rcc.o
                0x080079f0                HAL_RCC_ClockConfig
 .text.HAL_RCC_GetPCLK1Freq
                0x08007b30       0x20 ./Drivers/STM32F1xx_HAL_Driver/Src/stm32f1xx_hal_rcc.o
                0x08007b30                HAL_RCC_GetPCLK1Freq
 .text.HAL_RCC_GetPCLK2Freq
                0x08007b50       0x20 ./Drivers/STM32F1xx_HAL_Driver/Src/stm32f1xx_hal_rcc.o
                0x08007b50                HAL_RCC_GetPCLK2Freq
 .text.HAL_RCCEx_PeriphCLKConfig
                0x08007b70       0xfc ./Drivers/STM32F1xx_HAL_Driver/Src/stm32f1xx_hal_rcc_ex.o
                0x08007b70                HAL_RCCEx_PeriphCLKConfig
 .text.UART_SetConfig
                0x08007c6c       0x84 ./Drivers/STM32F1xx_HAL_Driver/Src/stm32f1xx_hal_uart.o
 .text.HAL_UART_Init
                0x08007cf0       0x64 ./Drivers/STM32F1xx_HAL_Driver/Src/stm32f1xx_hal_uart.o
                0x08007cf0                HAL_UART_Init
 .text.HAL_UART_Transmit_DMA
                0x08007d54       0x8c ./Drivers/STM32F1xx_HAL_Driver/Src/stm32f1xx_hal_uart.o
                0x08007d54                HAL_UART_Transmit_DMA
 .text.UART_DMATransmitCplt
                0x08007de0       0x2c ./Drivers/STM32F1xx_HAL_Driver/Src/stm32f1xx_hal_uart.o
 .text.HAL_UART_TxHalfCpltCallback
                0x08007e0c        0x4 ./Drivers/STM32F1xx_HAL_Driver/Src/stm32f1xx_hal_uart.o
                0x08007e0c                HAL_UART_TxHalfCpltCallback
 .text.UART_DMATxHalfCplt
                0x08007e10        0xc ./Drivers/STM32F1xx_HAL_Driver/Src/stm32f1xx_hal_uart.o
 .text.HAL_UART_RxCpltCallback
                0x08007e1c        0x4 ./Drivers/STM32F1xx_HAL_Driver/Src/stm32f1xx_hal_uart.o
                0x08007e1c                HAL_UART_RxCpltCallback
 .text.HAL_UART_ErrorCallback
                0x08007e20        0x4 ./Drivers/STM32F1xx_HAL_Driver/Src/stm32f1xx_hal_uart.o
                0x08007e20                HAL_UART_ErrorCallback
 .text.UART_DMAError
                0x08007e24       0x7c ./Drivers/STM32F1xx_HAL_Driver/Src/stm32f1xx_hal_uart.o
 .text.UART_DMAAbortOnError
                0x08007ea0       0x10 ./Drivers/STM32F1xx_HAL_Driver/Src/stm32f1xx_hal_uart.o
 .text.HAL_UARTEx_RxEventCallback
                0x08007eb0        0x4 ./Drivers/STM32F1xx_HAL_Driver/Src/stm32f1xx_hal_uart.o
                0x08007eb0                HAL_UARTEx_RxEventCallback
 .text.UART_Receive_IT.isra.0
                0x08007eb4       0xa8 ./Drivers/STM32F1xx_HAL_Driver/Src/stm32f1xx_hal_uart.o
 .text.HAL_UART_IRQHandler
                0x08007f5c      0x2f4 ./Drivers/STM32F1xx_HAL_Driver/Src/stm32f1xx_hal_uart.o
                0x08007f5c                HAL_UART_IRQHandler
 .text.USB_CoreInit
                0x08008250       0x10 ./Drivers/STM32F1xx_HAL_Driver/Src/stm32f1xx_ll_usb.o
                0x08008250                USB_CoreInit
 .text.USB_EnableGlobalInt
                0x08008260       0x14 ./Drivers/STM32F1xx_HAL_Driver/Src/stm32f1xx_ll_usb.o
                0x08008260                USB_EnableGlobalInt
 .text.USB_DisableGlobalInt
                0x08008274       0x14 ./Drivers/STM32F1xx_HAL_Driver/Src/stm32f1xx_ll_usb.o
                0x08008274                USB_DisableGlobalInt
 .text.USB_SetCurrentMode
                0x08008288        0x4 ./Drivers/STM32F1xx_HAL_Driver/Src/stm32f1xx_ll_usb.o
                0x08008288                USB_SetCurrentMode
 .text.USB_DevInit
                0x0800828c       0x28 ./Drivers/STM32F1xx_HAL_Driver/Src/stm32f1xx_ll_usb.o
                0x0800828c                USB_DevInit
 .text.USB_ActivateEndpoint
                0x080082b4      0x2bc ./Drivers/STM32F1xx_HAL_Driver/Src/stm32f1xx_ll_usb.o
                0x080082b4                USB_ActivateEndpoint
 .text.USB_DeactivateEndpoint
                0x08008570      0x19c ./Drivers/STM32F1xx_HAL_Driver/Src/stm32f1xx_ll_usb.o
                0x08008570                USB_DeactivateEndpoint
 .text.USB_EPStartXfer
                0x0800870c      0x644 ./Drivers/STM32F1xx_HAL_Driver/Src/stm32f1xx_ll_usb.o
                0x0800870c                USB_EPStartXfer
 .text.USB_EPSetStall
                0x08008d50       0x48 ./Drivers/STM32F1xx_HAL_Driver/Src/stm32f1xx_ll_usb.o
                0x08008d50                USB_EPSetStall
 .text.USB_EPClearStall
                0x08008d98       0x90 ./Drivers/STM32F1xx_HAL_Driver/Src/stm32f1xx_ll_usb.o
                0x08008d98                USB_EPClearStall
 .text.USB_SetDevAddress
                0x08008e28        0xc ./Drivers/STM32F1xx_HAL_Driver/Src/stm32f1xx_ll_usb.o
                0x08008e28                USB_SetDevAddress
 .text.USB_DevConnect
                0x08008e34        0x4 ./Drivers/STM32F1xx_HAL_Driver/Src/stm32f1xx_ll_usb.o
                0x08008e34                USB_DevConnect
 .text.USB_DevDisconnect
                0x08008e38        0x4 ./Drivers/STM32F1xx_HAL_Driver/Src/stm32f1xx_ll_usb.o
                0x08008e38                USB_DevDisconnect
 .text.USB_ReadInterrupts
                0x08008e3c        0x8 ./Drivers/STM32F1xx_HAL_Driver/Src/stm32f1xx_ll_usb.o
                0x08008e3c                USB_ReadInterrupts
 .text.USB_EP0_OutStart
                0x08008e44        0x4 ./Drivers/STM32F1xx_HAL_Driver/Src/stm32f1xx_ll_usb.o
                0x08008e44                USB_EP0_OutStart
 .text.USB_WritePMA
                0x08008e48       0x20 ./Drivers/STM32F1xx_HAL_Driver/Src/stm32f1xx_ll_usb.o
                0x08008e48                USB_WritePMA
 .text.USB_ReadPMA
                0x08008e68       0x48 ./Drivers/STM32F1xx_HAL_Driver/Src/stm32f1xx_ll_usb.o
                0x08008e68                USB_ReadPMA
 .text.USBD_MIDI_DataIn
                0x08008eb0       0x14 ./Middlewares/ST/STM32_USB_Device_Library/Class/MIDI/Src/usbd_midi.o
 .text.USBD_MIDI_GetCfgDesc
                0x08008ec4       0x10 ./Middlewares/ST/STM32_USB_Device_Library/Class/MIDI/Src/usbd_midi.o
 .text.USBD_MIDI_DataOut
                0x08008ed4       0x34 ./Middlewares/ST/STM32_USB_Device_Library/Class/MIDI/Src/usbd_midi.o
 .text.USBD_MIDI_DeInit
                0x08008f08       0x20 ./Middlewares/ST/STM32_USB_Device_Library/Class/MIDI/Src/usbd_midi.o
 .text.USBD_MIDI_Init
                0x08008f28       0x40 ./Middlewares/ST/STM32_USB_Device_Library/Class/MIDI/Src/usbd_midi.o
 .text.USBD_MIDI_SendPacket
                0x08008f68       0x3c ./Middlewares/ST/STM32_USB_Device_Library/Class/MIDI/Src/usbd_midi.o
                0x08008f68                USBD_MIDI_SendPacket
 .text.USBD_MIDI_RegisterInterface
                0x08008fa4       0x14 ./Middlewares/ST/STM32_USB_Device_Library/Class/MIDI/Src/usbd_midi.o
                0x08008fa4                USBD_MIDI_RegisterInterface
 .text.USBD_Init
                0x08008fb8       0x2c ./Middlewares/ST/STM32_USB_Device_Library/Core/Src/usbd_core.o
                0x08008fb8                USBD_Init
 .text.USBD_RegisterClass
                0x08008fe4       0x14 ./Middlewares/ST/STM32_USB_Device_Library/Core/Src/usbd_core.o
                0x08008fe4                USBD_RegisterClass
 .text.USBD_Start
                0x08008ff8        0xc ./Middlewares/ST/STM32_USB_Device_Library/Core/Src/usbd_core.o
                0x08008ff8                USBD_Start
 .text.USBD_SetClassConfig
                0x08009004       0x1c ./Middlewares/ST/STM32_USB_Device_Library/Core/Src/usbd_core.o
                0x08009004                USBD_SetClassConfig
 .text.USBD_ClrClassConfig
                0x08009020       0x10 ./Middlewares/ST/STM32_USB_Device_Library/Core/Src/usbd_core.o
                0x08009020                USBD_ClrClassConfig
 .text.USBD_LL_SetupStage
                0x08009030       0x6c ./Middlewares/ST/STM32_USB_Device_Library/Core/Src/usbd_core.o
                0x08009030                USBD_LL_SetupStage
 .text.USBD_LL_DataOutStage
                0x0800909c       0x84 ./Middlewares/ST/STM32_USB_Device_Library/Core/Src/usbd_core.o
                0x0800909c                USBD_LL_DataOutStage
 .text.USBD_LL_DataInStage
                0x08009120       0xd0 ./Middlewares/ST/STM32_USB_Device_Library/Core/Src/usbd_core.o
                0x08009120                USBD_LL_DataInStage
 .text.USBD_LL_Reset
                0x080091f0       0x50 ./Middlewares/ST/STM32_USB_Device_Library/Core/Src/usbd_core.o
                0x080091f0                USBD_LL_Reset
 .text.USBD_LL_SetSpeed
                0x08009240        0x8 ./Middlewares/ST/STM32_USB_Device_Library/Core/Src/usbd_core.o
                0x08009240                USBD_LL_SetSpeed
 .text.USBD_LL_Suspend
                0x08009248       0x14 ./Middlewares/ST/STM32_USB_Device_Library/Core/Src/usbd_core.o
                0x08009248                USBD_LL_Suspend
 .text.USBD_LL_Resume
                0x0800925c       0x14 ./Middlewares/ST/STM32_USB_Device_Library/Core/Src/usbd_core.o
                0x0800925c                USBD_LL_Resume
 .text.USBD_LL_SOF
                0x08009270       0x1c ./Middlewares/ST/STM32_USB_Device_Library/Core/Src/usbd_core.o
                0x08009270                USBD_LL_SOF
 .text.USBD_StdDevReq
                0x0800928c      0x2e8 ./Middlewares/ST/STM32_USB_Device_Library/Core/Src/usbd_ctlreq.o
                0x0800928c                USBD_StdDevReq
 .text.USBD_StdItfReq
                0x08009574       0x70 ./Middlewares/ST/STM32_USB_Device_Library/Core/Src/usbd_ctlreq.o
                0x08009574                USBD_StdItfReq
 .text.USBD_StdEPReq
                0x080095e4      0x164 ./Middlewares/ST/STM32_USB_Device_Library/Core/Src/usbd_ctlreq.o
                0x080095e4                USBD_StdEPReq
 .text.USBD_ParseSetupRequest
                0x08009748       0x18 ./Middlewares/ST/STM32_USB_Device_Library/Core/Src/usbd_ctlreq.o
                0x08009748                USBD_ParseSetupRequest
 .text.USBD_GetString
                0x08009760       0x64 ./Middlewares/ST/STM32_USB_Device_Library/Core/Src/usbd_ctlreq.o
                0x08009760                USBD_GetString
 .text.USBD_CtlSendData
                0x080097c4       0x1c ./Middlewares/ST/STM32_USB_Device_Library/Core/Src/usbd_ioreq.o
                0x080097c4                USBD_CtlSendData
 .text.USBD_CtlContinueSendData
                0x080097e0       0x10 ./Middlewares/ST/STM32_USB_Device_Library/Core/Src/usbd_ioreq.o
                0x080097e0                USBD_CtlContinueSendData
 .text.USBD_CtlContinueRx
                0x080097f0       0x10 ./Middlewares/ST/STM32_USB_Device_Library/Core/Src/usbd_ioreq.o
                0x080097f0                USBD_CtlContinueRx
 .text.USBD_CtlSendStatus
                0x08009800       0x18 ./Middlewares/ST/STM32_USB_Device_Library/Core/Src/usbd_ioreq.o
                0x08009800                USBD_CtlSendStatus
 .text.USBD_CtlReceiveStatus
                0x08009818       0x18 ./Middlewares/ST/STM32_USB_Device_Library/Core/Src/usbd_ioreq.o
                0x08009818                USBD_CtlReceiveStatus
 .text.HAL_I2C_MemTxCpltCallback
                0x08009830       0x28 ./Middlewares/stm32-ssd1306-master/ssd1306/ssd1306.o
                0x08009830                HAL_I2C_MemTxCpltCallback
 .text.ssd1306_Fill
                0x08009858       0x18 ./Middlewares/stm32-ssd1306-master/ssd1306/ssd1306.o
                0x08009858                ssd1306_Fill
 .text.ssd1306_DMATxLine
                0x08009870       0x74 ./Middlewares/stm32-ssd1306-master/ssd1306/ssd1306.o
                0x08009870                ssd1306_DMATxLine
 .text.ssd1306_tick
                0x080098e4       0x3c ./Middlewares/stm32-ssd1306-master/ssd1306/ssd1306.o
                0x080098e4                ssd1306_tick
 .text.ssd1306_Init
                0x08009920      0x420 ./Middlewares/stm32-ssd1306-master/ssd1306/ssd1306.o
                0x08009920                ssd1306_Init
 .text.ssd1306_UpdateScreen
                0x08009d40       0x20 ./Middlewares/stm32-ssd1306-master/ssd1306/ssd1306.o
                0x08009d40                ssd1306_UpdateScreen
 .text.ssd1306_DrawPixel
                0x08009d60       0x64 ./Middlewares/stm32-ssd1306-master/ssd1306/ssd1306.o
                0x08009d60                ssd1306_DrawPixel
 .text.ssd1306_WriteChar
                0x08009dc4       0xb8 ./Middlewares/stm32-ssd1306-master/ssd1306/ssd1306.o
                0x08009dc4                ssd1306_WriteChar
 .text.ssd1306_WriteString
                0x08009e7c       0x38 ./Middlewares/stm32-ssd1306-master/ssd1306/ssd1306.o
                0x08009e7c                ssd1306_WriteString
 .text.ssd1306_SetCursor
                0x08009eb4        0xc ./Middlewares/stm32-ssd1306-master/ssd1306/ssd1306.o
                0x08009eb4                ssd1306_SetCursor
 .text.ssd1306_Line
                0x08009ec0       0xfc ./Middlewares/stm32-ssd1306-master/ssd1306/ssd1306.o
                0x08009ec0                ssd1306_Line
 .text.ssd1306_DrawRectangle
                0x08009fbc       0x4c ./Middlewares/stm32-ssd1306-master/ssd1306/ssd1306.o
                0x08009fbc                ssd1306_DrawRectangle
 .text.ssd1306_GetDisplayOn
                0x0800a008        0xc ./Middlewares/stm32-ssd1306-master/ssd1306/ssd1306.o
                0x0800a008                ssd1306_GetDisplayOn
 .text.MX_USB_DEVICE_Init
                0x0800a014       0x40 ./USB_DEVICE/App/usb_device.o
                0x0800a014                MX_USB_DEVICE_Init
 .text.USBD_FS_DeviceDescriptor
                0x0800a054        0xc ./USB_DEVICE/App/usbd_desc.o
                0x0800a054                USBD_FS_DeviceDescriptor
 .text.USBD_FS_LangIDStrDescriptor
                0x0800a060        0xc ./USB_DEVICE/App/usbd_desc.o
                0x0800a060                USBD_FS_LangIDStrDescriptor
 .text.USBD_FS_ManufacturerStrDescriptor
                0x0800a06c       0x18 ./USB_DEVICE/App/usbd_desc.o
                0x0800a06c                USBD_FS_ManufacturerStrDescriptor
 .text.USBD_FS_ProductStrDescriptor
                0x0800a084       0x18 ./USB_DEVICE/App/usbd_desc.o
                0x0800a084                USBD_FS_ProductStrDescriptor
 .text.USBD_FS_ConfigStrDescriptor
                0x0800a09c       0x18 ./USB_DEVICE/App/usbd_desc.o
                0x0800a09c                USBD_FS_ConfigStrDescriptor
 .text.USBD_FS_InterfaceStrDescriptor
                0x0800a0b4       0x18 ./USB_DEVICE/App/usbd_desc.o
                0x0800a0b4                USBD_FS_InterfaceStrDescriptor
 .text.USBD_FS_SerialStrDescriptor
                0x0800a0cc       0x6c ./USB_DEVICE/App/usbd_desc.o
                0x0800a0cc                USBD_FS_SerialStrDescriptor
 .text.MIDI_DataTx
                0x0800a138        0xc ./USB_DEVICE/App/usbd_midi_if.o
                0x0800a138                MIDI_DataTx
 .text.sysex_send_message
                0x0800a144       0xb0 ./USB_DEVICE/App/usbd_midi_if.o
                0x0800a144                sysex_send_message
 .text.sysex_write_flash
                0x0800a1f4       0x48 ./USB_DEVICE/App/usbd_midi_if.o
                0x0800a1f4                sysex_write_flash
 .text.process_sysex_message
                0x0800a23c       0x9c ./USB_DEVICE/App/usbd_midi_if.o
                0x0800a23c                process_sysex_message
 .text.MIDI_DataRx
                0x0800a2d8       0xfc ./USB_DEVICE/App/usbd_midi_if.o
                0x0800a2d8                MIDI_DataRx
 .text.HAL_PCD_MspInit
                0x0800a3d4       0x50 ./USB_DEVICE/Target/usbd_conf.o
                0x0800a3d4                HAL_PCD_MspInit
 .text.HAL_PCD_SetupStageCallback
                0x0800a424       0x10 ./USB_DEVICE/Target/usbd_conf.o
                0x0800a424                HAL_PCD_SetupStageCallback
 .text.HAL_PCD_DataOutStageCallback
                0x0800a434       0x14 ./USB_DEVICE/Target/usbd_conf.o
                0x0800a434                HAL_PCD_DataOutStageCallback
 .text.HAL_PCD_DataInStageCallback
                0x0800a448       0x14 ./USB_DEVICE/Target/usbd_conf.o
                0x0800a448                HAL_PCD_DataInStageCallback
 .text.HAL_PCD_SOFCallback
                0x0800a45c        0x8 ./USB_DEVICE/Target/usbd_conf.o
                0x0800a45c                HAL_PCD_SOFCallback
 .text.HAL_PCD_ResetCallback
                0x0800a464       0x24 ./USB_DEVICE/Target/usbd_conf.o
                0x0800a464                HAL_PCD_ResetCallback
 .text.HAL_PCD_SuspendCallback
                0x0800a488       0x20 ./USB_DEVICE/Target/usbd_conf.o
                0x0800a488                HAL_PCD_SuspendCallback
 .text.HAL_PCD_ResumeCallback
                0x0800a4a8        0x8 ./USB_DEVICE/Target/usbd_conf.o
                0x0800a4a8                HAL_PCD_ResumeCallback
 .text.USBD_LL_Init
                0x0800a4b0       0x80 ./USB_DEVICE/Target/usbd_conf.o
                0x0800a4b0                USBD_LL_Init
 .text.USBD_LL_Start
                0x0800a530       0x18 ./USB_DEVICE/Target/usbd_conf.o
                0x0800a530                USBD_LL_Start
 .text.USBD_LL_OpenEP
                0x0800a548       0x1c ./USB_DEVICE/Target/usbd_conf.o
                0x0800a548                USBD_LL_OpenEP
 .text.USBD_LL_CloseEP
                0x0800a564       0x18 ./USB_DEVICE/Target/usbd_conf.o
                0x0800a564                USBD_LL_CloseEP
 .text.USBD_LL_StallEP
                0x0800a57c       0x18 ./USB_DEVICE/Target/usbd_conf.o
                0x0800a57c                USBD_LL_StallEP
 .text.USBD_LL_ClearStallEP
                0x0800a594       0x18 ./USB_DEVICE/Target/usbd_conf.o
                0x0800a594                USBD_LL_ClearStallEP
 .text.USBD_LL_IsStallEP
                0x0800a5ac       0x28 ./USB_DEVICE/Target/usbd_conf.o
                0x0800a5ac                USBD_LL_IsStallEP
 .text.USBD_LL_SetUSBAddress
                0x0800a5d4       0x18 ./USB_DEVICE/Target/usbd_conf.o
                0x0800a5d4                USBD_LL_SetUSBAddress
 .text.USBD_LL_Transmit
                0x0800a5ec       0x18 ./USB_DEVICE/Target/usbd_conf.o
                0x0800a5ec                USBD_LL_Transmit
 .text.USBD_LL_PrepareReceive
                0x0800a604       0x18 ./USB_DEVICE/Target/usbd_conf.o
                0x0800a604                USBD_LL_PrepareReceive
 .text.HAL_PCDEx_SetConnectionState
                0x0800a61c        0x4 ./USB_DEVICE/Target/usbd_conf.o
                0x0800a61c                HAL_PCDEx_SetConnectionState
 .text.snprintf
                0x0800a620       0x64 /Applications/ArmGNUToolchain/15.2.rel1/arm-none-eabi/bin/../lib/gcc/arm-none-eabi/15.2.1/../../../../arm-none-eabi/lib/thumb/v7-m/nofp/libc_nano.a(libc_a-snprintf.o)
                0x0800a620                snprintf
                0x0800a620                sniprintf
 .text.sprintf  0x0800a684       0x44 /Applications/ArmGNUToolchain/15.2.rel1/arm-none-eabi/bin/../lib/gcc/arm-none-eabi/15.2.1/../../../../arm-none-eabi/lib/thumb/v7-m/nofp/libc_nano.a(libc_a-sprintf.o)
                0x0800a684                sprintf
                0x0800a684                siprintf
 .text.memmove  0x0800a6c8       0x32 /Applications/ArmGNUToolchain/15.2.rel1/arm-none-eabi/bin/../lib/gcc/arm-none-eabi/15.2.1/../../../../arm-none-eabi/lib/thumb/v7-m/nofp/libc_nano.a(libc_a-memmove.o)
                0x0800a6c8                memmove
 .text.memset   0x0800a6fa       0x10 /Applications/ArmGNUToolchain/15.2.rel1/arm-none-eabi/bin/../lib/gcc/arm-none-eabi/15.2.1/../../../../arm-none-eabi/lib/thumb/v7-m/nofp/libc_nano.a(libc_a-memset.o)
                0x0800a6fa                memset
 *fill*         0x0800a70a        0x2 
 .text.__errno  0x0800a70c        0xc /Applications/ArmGNUToolchain/15.2.rel1/arm-none-eabi/bin/../lib/gcc/arm-none-eabi/15.2.1/../../../../arm-none-eabi/lib/thumb/v7-m/nofp/libc_nano.a(libc_a-errno.o)
                0x0800a70c                __errno
 .text.__libc_init_array
                0x0800a718       0x48 /Applications/ArmGNUToolchain/15.2.rel1/arm-none-eabi/bin/../lib/gcc/arm-none-eabi/15.2.1/../../../../arm-none-eabi/lib/thumb/v7-m/nofp/libc_nano.a(libc_a-init.o)
                0x0800a718                __libc_init_array
 .text.__retarget_lock_acquire_recursive
                0x0800a760        0x2 /Applications/ArmGNUToolchain/15.2.rel1/arm-none-eabi/bin/../lib/gcc/arm-none-eabi/15.2.1/../../../../arm-none-eabi/lib/thumb/v7-m/nofp/libc_nano.a(libc_a-lock.o)
                0x0800a760                __retarget_lock_acquire_recursive
 .text.__retarget_lock_release_recursive
                0x0800a762        0x2 /Applications/ArmGNUToolchain/15.2.rel1/arm-none-eabi/bin/../lib/gcc/arm-none-eabi/15.2.1/../../../../arm-none-eabi/lib/thumb/v7-m/nofp/libc_nano.a(libc_a-lock.o)
                0x0800a762                __retarget_lock_release_recursive
 .text.memcpy   0x0800a764       0x1c /Applications/ArmGNUToolchain/15.2.rel1/arm-none-eabi/bin/../lib/gcc/arm-none-eabi/15.2.1/../../../../arm-none-eabi/lib/thumb/v7-m/nofp/libc_nano.a(libc_a-memcpy-stub.o)
                0x0800a764                memcpy
 .text.__ssputs_r
                0x0800a780       0xc0 /Applications/ArmGNUToolchain/15.2.rel1/arm-none-eabi/bin/../lib/gcc/arm-none-eabi/15.2.1/../../../../arm-none-eabi/lib/thumb/v7-m/nofp/libc_nano.a(libc_a-nano-svfprintf.o)
                0x0800a780                __ssputs_r
 .text._svfprintf_r
                0x0800a840      0x1f0 /Applications/ArmGNUToolchain/15.2.rel1/arm-none-eabi/bin/../lib/gcc/arm-none-eabi/15.2.1/../../../../arm-none-eabi/lib/thumb/v7-m/nofp/libc_nano.a(libc_a-nano-svfprintf.o)
                0x0800a840                _svfprintf_r
                0x0800a840                _svfiprintf_r
 .text.sbrk_aligned
                0x0800aa30       0x44 /Applications/ArmGNUToolchain/15.2.rel1/arm-none-eabi/bin/../lib/gcc/arm-none-eabi/15.2.1/../../../../arm-none-eabi/lib/thumb/v7-m/nofp/libc_nano.a(libc_a-mallocr.o)
 .text._malloc_r
                0x0800aa74       0xf8 /Applications/ArmGNUToolchain/15.2.rel1/arm-none-eabi/bin/../lib/gcc/arm-none-eabi/15.2.1/../../../../arm-none-eabi/lib/thumb/v7-m/nofp/libc_nano.a(libc_a-mallocr.o)
                0x0800aa74                _malloc_r
 .text._printf_common
                0x0800ab6c       0xea /Applications/ArmGNUToolchain/15.2.rel1/arm-none-eabi/bin/../lib/gcc/arm-none-eabi/15.2.1/../../../../arm-none-eabi/lib/thumb/v7-m/nofp/libc_nano.a(libc_a-nano-vfprintf_i.o)
                0x0800ab6c                _printf_common
 *fill*         0x0800ac56        0x2 
 .text._printf_i
                0x0800ac58      0x254 /Applications/ArmGNUToolchain/15.2.rel1/arm-none-eabi/bin/../lib/gcc/arm-none-eabi/15.2.1/../../../../arm-none-eabi/lib/thumb/v7-m/nofp/libc_nano.a(libc_a-nano-vfprintf_i.o)
                0x0800ac58                _printf_i
 .text.__malloc_lock
                0x0800aeac        0xc /Applications/ArmGNUToolchain/15.2.rel1/arm-none-eabi/bin/../lib/gcc/arm-none-eabi/15.2.1/../../../../arm-none-eabi/lib/thumb/v7-m/nofp/libc_nano.a(libc_a-mlock.o)
                0x0800aeac                __malloc_lock
 .text.__malloc_unlock
                0x0800aeb8        0xc /Applications/ArmGNUToolchain/15.2.rel1/arm-none-eabi/bin/../lib/gcc/arm-none-eabi/15.2.1/../../../../arm-none-eabi/lib/thumb/v7-m/nofp/libc_nano.a(libc_a-mlock.o)
                0x0800aeb8                __malloc_unlock
 .text._realloc_r
                0x0800aec4       0x5c /Applications/ArmGNUToolchain/15.2.rel1/arm-none-eabi/bin/../lib/gcc/arm-none-eabi/15.2.1/../../../../arm-none-eabi/lib/thumb/v7-m/nofp/libc_nano.a(libc_a-reallocr.o)
                0x0800aec4                _realloc_r
 .text._sbrk_r  0x0800af20       0x20 /Applications/ArmGNUToolchain/15.2.rel1/arm-none-eabi/bin/../lib/gcc/arm-none-eabi/15.2.1/../../../../arm-none-eabi/lib/thumb/v7-m/nofp/libc_nano.a(libc_a-sbrkr.o)
                0x0800af20                _sbrk_r
 .text.memchr   0x0800af40       0x1c /Applications/ArmGNUToolchain/15.2.rel1/arm-none-eabi/bin/../lib/gcc/arm-none-eabi/15.2.1/../../../../arm-none-eabi/lib/thumb/v7-m/nofp/libc_nano.a(libc_a-memchr-stub.o)
                0x0800af40                memchr
 .text._free_r  0x0800af5c       0x94 /Applications/ArmGNUToolchain/15.2.rel1/arm-none-eabi/bin/../lib/gcc/arm-none-eabi/15.2.1/../../../../arm-none-eabi/lib/thumb/v7-m/nofp/libc_nano.a(libc_a-freer.o)
                0x0800af5c                _free_r
 .text._malloc_usable_size_r
                0x0800aff0       0x10 /Applications/ArmGNUToolchain/15.2.rel1/arm-none-eabi/bin/../lib/gcc/arm-none-eabi/15.2.1/../../../../arm-none-eabi/lib/thumb/v7-m/nofp/libc_nano.a(libc_a-msizer.o)
                0x0800aff0                _malloc_usable_size_r
 *(.glue_7)
 .glue_7        0x0800b000        0x0 linker stubs
 *(.glue_7t)
 .glue_7t       0x0800b000        0x0 linker stubs
 *(.eh_frame)
 .eh_frame      0x0800b000        0x0 /Applications/ArmGNUToolchain/15.2.rel1/arm-none-eabi/bin/../lib/gcc/arm-none-eabi/15.2.1/thumb/v7-m/nofp/crtbegin.o
 *(.init)
 .init          0x0800b000        0x4 /Applications/ArmGNUToolchain/15.2.rel1/arm-none-eabi/bin/../lib/gcc/arm-none-eabi/15.2.1/thumb/v7-m/nofp/crti.o
                0x0800b000                _init
 .init          0x0800b004        0x8 /Applications/ArmGNUToolchain/15.2.rel1/arm-none-eabi/bin/../lib/gcc/arm-none-eabi/15.2.1/thumb/v7-m/nofp/crtn.o
 *(.fini)
 .fini          0x0800b00c        0x4 /Applications/ArmGNUToolchain/15.2.rel1/arm-none-eabi/bin/../lib/gcc/arm-none-eabi/15.2.1/thumb/v7-m/nofp/crti.o
                0x0800b00c                _fini
 .fini          0x0800b010        0x8 /Applications/ArmGNUToolchain/15.2.rel1/arm-none-eabi/bin/../lib/gcc/arm-none-eabi/15.2.1/thumb/v7-m/nofp/crtn.o
                0x0800b018                        . = ALIGN (0x4)
                0x0800b018                        _etext = .

.vfp11_veneer   0x0800b018        0x0
 .vfp11_veneer  0x0800b018        0x0 linker stubs

.v4_bx          0x0800b018        0x0
 .v4_bx         0x0800b018        0x0 linker stubs

.iplt           0x0800b018        0x0
 .iplt          0x0800b018        0x0 /Applications/ArmGNUToolchain/15.2.rel1/arm-none-eabi/bin/../lib/gcc/arm-none-eabi/15.2.1/thumb/v7-m/nofp/crtbegin.o

.rodata         0x0800b018     0x3fec
                0x0800b018                        . = ALIGN (0x4)
 *(.rodata)
 .rodata        0x0800b018       0x10 ./Core/Src/flash_midi_settings.o
 *(.rodata*)
 .rodata.display_init.str1.4
                0x0800b028       0xd0 ./Core/Src/display.o
                                 0x15 (size before relaxing)
 .rodata.logo_atc_bits
                0x0800b0f8      0x400 ./Core/Src/display.o
 .rodata.flash_settings_erase.str1.4
                0x0800b4f8        0x0 ./Core/Src/flash_midi_settings.o
                                 0x12 (size before relaxing)
 .rodata.flash_settings_write.str1.4
                0x0800b4f8        0x0 ./Core/Src/flash_midi_settings.o
                                 0x12 (size before relaxing)
 .rodata.Error.str1.4
                0x0800b4f8        0x0 ./Core/Src/main.o
                                  0x7 (size before relaxing)
 .rodata.main.str1.4
                0x0800b4f8        0x0 ./Core/Src/main.o
                                 0x12 (size before relaxing)
 .rodata.midiCmd_send_pc_command_from_rom.str1.4
                0x0800b4f8        0x0 ./Core/Src/midi_cmds.o
                                  0x7 (size before relaxing)
 .rodata.handle_cmd_sw_down.str1.4
                0x0800b4f8        0x0 ./Core/Src/switch_router.o
                                  0xd (size before relaxing)
 .rodata.swe_cmd_cc26_val0
                0x0800b4f8        0x4 ./Core/Src/switch_router.o
 .rodata.sw5_cmd_cc27_val0
                0x0800b4fc        0x4 ./Core/Src/switch_router.o
 .rodata.label_patchdown
                0x0800b500      0x400 ./Core/Src/switch_router.o
 .rodata.label_patchup
                0x0800b900      0x400 ./Core/Src/switch_router.o
 .rodata.label_dlyrvb
                0x0800bd00      0x400 ./Core/Src/switch_router.o
 .rodata.label_effects2
                0x0800c100      0x400 ./Core/Src/switch_router.o
 .rodata.label_effects1
                0x0800c500      0x400 ./Core/Src/switch_router.o
 .rodata.label_scene3
                0x0800c900      0x400 ./Core/Src/switch_router.o
 .rodata.label_scene2
                0x0800cd00      0x400 ./Core/Src/switch_router.o
 .rodata.label_scene1
                0x0800d100      0x400 ./Core/Src/switch_router.o
 .rodata.APBPrescTable
                0x0800d500        0x8 ./Core/Src/system_stm32f1xx.o
                0x0800d500                APBPrescTable
 .rodata.AHBPrescTable
                0x0800d508       0x10 ./Core/Src/system_stm32f1xx.o
                0x0800d508                AHBPrescTable
 .rodata.HAL_RCC_GetSysClockFreq.str1.4
                0x0800d518        0x0 ./Drivers/STM32F1xx_HAL_Driver/Src/stm32f1xx_hal_rcc.o
                                 0x11 (size before relaxing)
 .rodata.Font6x8
                0x0800d518      0x5f0 ./Middlewares/stm32-ssd1306-master/ssd1306/ssd1306_fonts.o
 .rodata.Font11x18
                0x0800db08      0xd5c ./Middlewares/stm32-ssd1306-master/ssd1306/ssd1306_fonts.o
 .rodata.Font7x10
                0x0800e864      0x76c ./Middlewares/stm32-ssd1306-master/ssd1306/ssd1306_fonts.o
 .rodata.USBD_FS_ManufacturerStrDescriptor.str1.4
                0x0800efd0        0x0 ./USB_DEVICE/App/usbd_desc.o
                                 0x13 (size before relaxing)
 .rodata.USBD_FS_ProductStrDescriptor.str1.4
                0x0800efd0        0x0 ./USB_DEVICE/App/usbd_desc.o
                                 0x12 (size before relaxing)
 .rodata.USBD_FS_ConfigStrDescriptor.str1.4
                0x0800efd0        0x0 ./USB_DEVICE/App/usbd_desc.o
                                  0xd (size before relaxing)
 .rodata.USBD_FS_InterfaceStrDescriptor.str1.4
                0x0800efd0        0x0 ./USB_DEVICE/App/usbd_desc.o
                                 0x10 (size before relaxing)
 .rodata._svfprintf_r.str1.1
                0x0800efd0       0x33 /Applications/ArmGNUToolchain/15.2.rel1/arm-none-eabi/bin/../lib/gcc/arm-none-eabi/15.2.1/../../../../arm-none-eabi/lib/thumb/v7-m/nofp/libc_nano.a(libc_a-nano-svfprintf.o)
                                 0x11 (size before relaxing)
 .rodata._printf_i.str1.1
                0x0800f003        0x0 /Applications/ArmGNUToolchain/15.2.rel1/arm-none-eabi/bin/../lib/gcc/arm-none-eabi/15.2.1/../../../../arm-none-eabi/lib/thumb/v7-m/nofp/libc_nano.a(libc_a-nano-vfprintf_i.o)
                                 0x22 (size before relaxing)
                0x0800f004                        . = ALIGN (0x4)
 *fill*         0x0800f003        0x1 

.ARM.extab      0x0800f004        0x0
                0x0800f004                        . = ALIGN (0x4)
 *(.ARM.extab* .gnu.linkonce.armextab.*)
                0x0800f004                        . = ALIGN (0x4)

.ARM            0x0800f004        0x8
                0x0800f004                        . = ALIGN (0x4)
                0x0800f004                        __exidx_start = .
 *(.ARM.exidx*)
 .ARM.exidx     0x0800f004        0x8 /Applications/ArmGNUToolchain/15.2.rel1/arm-none-eabi/bin/../lib/gcc/arm-none-eabi/15.2.1/../../../../arm-none-eabi/lib/thumb/v7-m/nofp/libc_nano.a(libc_a-strlen.o)
                0x0800f00c                        __exidx_end = .
                0x0800f00c                        . = ALIGN (0x4)

.rel.dyn        0x0800f00c        0x0
 .rel.iplt      0x0800f00c        0x0 /Applications/ArmGNUToolchain/15.2.rel1/arm-none-eabi/bin/../lib/gcc/arm-none-eabi/15.2.1/thumb/v7-m/nofp/crtbegin.o

.preinit_array  0x0800f00c        0x0
                0x0800f00c                        . = ALIGN (0x4)
                0x0800f00c                        PROVIDE (__preinit_array_start = .)
 *(.preinit_array*)
                0x0800f00c                        PROVIDE (__preinit_array_end = .)
                0x0800f00c                        . = ALIGN (0x4)

.init_array     0x0800f00c        0x4
                0x0800f00c                        . = ALIGN (0x4)
                0x0800f00c                        PROVIDE (__init_array_start = .)
 *(SORT_BY_NAME(.init_array.*))
 *(.init_array*)
 .init_array    0x0800f00c        0x4 /Applications/ArmGNUToolchain/15.2.rel1/arm-none-eabi/bin/../lib/gcc/arm-none-eabi/15.2.1/thumb/v7-m/nofp/crtbegin.o
                0x0800f010                        PROVIDE (__init_array_end = .)
                0x0800f010                        . = ALIGN (0x4)

.fini_array     0x0800f010        0x4
                0x0800f010                        . = ALIGN (0x4)
                [!provide]                        PROVIDE (__fini_array_start = .)
 *(SORT_BY_NAME(.fini_array.*))
 *(.fini_array*)
 .fini_array    0x0800f010        0x4 /Applications/ArmGNUToolchain/15.2.rel1/arm-none-eabi/bin/../lib/gcc/arm-none-eabi/15.2.1/thumb/v7-m/nofp/crtbegin.o
                [!provide]                        PROVIDE (__fini_array_end = .)
                0x0800f014                        . = ALIGN (0x4)
                0x0800f014                        _sidata = LOADADDR (.data)

.data           0x20000000      0x380 load address 0x0800f014
                0x20000000                        . = ALIGN (0x4)
                0x20000000                        _sdata = .
 *(.data)
 *(.data*)
 .data.pSwitchCmds
                0x20000000        0x4 ./Core/Src/flash_midi_settings.o
                0x20000000                pSwitchCmds
 .data.pGlobalSettings
                0x20000004        0x4 ./Core/Src/flash_midi_settings.o
                0x20000004                pGlobalSettings
 .data.g_switch_cmds
                0x20000008      0x140 ./Core/Src/flash_midi_settings.o
 .data.g_global_settings
                0x20000148       0x20 ./Core/Src/flash_midi_settings.o
 .data.last_transmitted_buffer
                0x20000168        0x1 ./Core/Src/midi_cmds.o
                0x20000168                last_transmitted_buffer
 *fill*         0x20000169        0x3 
 .data.a_sw_obj
                0x2000016c       0xa0 ./Core/Src/switch_router.o
                0x2000016c                a_sw_obj
 .data.port_C_previous_state
                0x2000020c        0x2 ./Core/Src/switch_router.o
                0x2000020c                port_C_previous_state
 .data.port_B_previous_state
                0x2000020e        0x2 ./Core/Src/switch_router.o
                0x2000020e                port_B_previous_state
 .data.port_A_previous_state
                0x20000210        0x2 ./Core/Src/switch_router.o
                0x20000210                port_A_previous_state
 *fill*         0x20000212        0x2 
 .data.SystemCoreClock
                0x20000214        0x4 ./Core/Src/system_stm32f1xx.o
                0x20000214                SystemCoreClock
 .data.uwTickFreq
                0x20000218        0x1 ./Drivers/STM32F1xx_HAL_Driver/Src/stm32f1xx_hal.o
                0x20000218                uwTickFreq
 *fill*         0x20000219        0x3 
 .data.uwTickPrio
                0x2000021c        0x4 ./Drivers/STM32F1xx_HAL_Driver/Src/stm32f1xx_hal.o
                0x2000021c                uwTickPrio
 .data.USBD_MIDI_CfgDesc
                0x20000220       0x65 ./Middlewares/ST/STM32_USB_Device_Library/Class/MIDI/Src/usbd_midi.o
                0x20000220                USBD_MIDI_CfgDesc
 *fill*         0x20000285        0x3 
 .data.USBD_MIDI
                0x20000288       0x38 ./Middlewares/ST/STM32_USB_Device_Library/Class/MIDI/Src/usbd_midi.o
                0x20000288                USBD_MIDI
 .data.Font_11x18
                0x200002c0        0x8 ./Middlewares/stm32-ssd1306-master/ssd1306/ssd1306_fonts.o
                0x200002c0                Font_11x18
 .data.Font_7x10
                0x200002c8        0x8 ./Middlewares/stm32-ssd1306-master/ssd1306/ssd1306_fonts.o
                0x200002c8                Font_7x10
 .data.Font_6x8
                0x200002d0        0x8 ./Middlewares/stm32-ssd1306-master/ssd1306/ssd1306_fonts.o
                0x200002d0                Font_6x8
 .data.USBD_StringSerial
                0x200002d8       0x1a ./USB_DEVICE/App/usbd_desc.o
                0x200002d8                USBD_StringSerial
 *fill*         0x200002f2        0x2 
 .data.USBD_LangIDDesc
                0x200002f4        0x4 ./USB_DEVICE/App/usbd_desc.o
                0x200002f4                USBD_LangIDDesc
 .data.USBD_FS_DeviceDesc
                0x200002f8       0x12 ./USB_DEVICE/App/usbd_desc.o
                0x200002f8                USBD_FS_DeviceDesc
 *fill*         0x2000030a        0x2 
 .data.FS_Desc  0x2000030c       0x1c ./USB_DEVICE/App/usbd_desc.o
                0x2000030c                FS_Desc
 .data.USBD_Interface_fops_FS
                0x20000328        0x8 ./USB_DEVICE/App/usbd_midi_if.o
                0x20000328                USBD_Interface_fops_FS
 .data._impure_ptr
                0x20000330        0x4 /Applications/ArmGNUToolchain/15.2.rel1/arm-none-eabi/bin/../lib/gcc/arm-none-eabi/15.2.1/../../../../arm-none-eabi/lib/thumb/v7-m/nofp/libc_nano.a(libc_a-impure.o)
                0x20000330                _impure_ptr
 .data._impure_data
                0x20000334       0x4c /Applications/ArmGNUToolchain/15.2.rel1/arm-none-eabi/bin/../lib/gcc/arm-none-eabi/15.2.1/../../../../arm-none-eabi/lib/thumb/v7-m/nofp/libc_nano.a(libc_a-impure.o)
                0x20000334                _impure_data
 *(.RamFunc)
 *(.RamFunc*)
                0x20000380                        . = ALIGN (0x4)
                0x20000380                        _edata = .

.tm_clone_table
                0x20000380        0x0 load address 0x0800f394
 .tm_clone_table
                0x20000380        0x0 /Applications/ArmGNUToolchain/15.2.rel1/arm-none-eabi/bin/../lib/gcc/arm-none-eabi/15.2.1/thumb/v7-m/nofp/crtbegin.o
 .tm_clone_table
                0x20000380        0x0 /Applications/ArmGNUToolchain/15.2.rel1/arm-none-eabi/bin/../lib/gcc/arm-none-eabi/15.2.1/thumb/v7-m/nofp/crtend.o

.igot.plt       0x20000380        0x0 load address 0x0800f394
 .igot.plt      0x20000380        0x0 /Applications/ArmGNUToolchain/15.2.rel1/arm-none-eabi/bin/../lib/gcc/arm-none-eabi/15.2.1/thumb/v7-m/nofp/crtbegin.o
                0x20000380                        . = ALIGN (0x4)

.bss            0x20000380     0x12c4 load address 0x0800f394
                0x20000380                        _sbss = .
                0x20000380                        __bss_start__ = _sbss
 *(.bss)
 *(.bss*)
 .bss.completed.1
                0x20000380        0x1 /Applications/ArmGNUToolchain/15.2.rel1/arm-none-eabi/bin/../lib/gcc/arm-none-eabi/15.2.1/thumb/v7-m/nofp/crtbegin.o
 *fill*         0x20000381        0x3 
 .bss.object.0  0x20000384       0x18 /Applications/ArmGNUToolchain/15.2.rel1/arm-none-eabi/bin/../lib/gcc/arm-none-eabi/15.2.1/thumb/v7-m/nofp/crtbegin.o
 .bss.label_active
                0x2000039c        0x1 ./Core/Src/display.o
 *fill*         0x2000039d        0x3 
 .bss.label_restore_deadline
                0x200003a0        0x4 ./Core/Src/display.o
 .bss.last_send_tick.0
                0x200003a4        0x4 ./Core/Src/main.o
 .bss.stable_count.1
                0x200003a8        0x1 ./Core/Src/main.o
 .bss.last_sent.2
                0x200003a9        0x1 ./Core/Src/main.o
 .bss.filtered.3
                0x200003aa        0x2 ./Core/Src/main.o
 .bss.initialized.4
                0x200003ac        0x1 ./Core/Src/main.o
 *fill*         0x200003ad        0x3 
 .bss.last_tick.5
                0x200003b0        0x4 ./Core/Src/main.o
 .bss.f_sys_config_complete
                0x200003b4        0x1 ./Core/Src/main.o
                0x200003b4                f_sys_config_complete
 *fill*         0x200003b5        0x3 
 .bss.hdma_usart2_tx
                0x200003b8       0x44 ./Core/Src/main.o
                0x200003b8                hdma_usart2_tx
 *fill*         0x200003fc        0x4 
 .bss.huart2    0x20000400       0x44 ./Core/Src/main.o
                0x20000400                huart2
 .bss.hdma_i2c1_tx
                0x20000444       0x44 ./Core/Src/main.o
                0x20000444                hdma_i2c1_tx
 .bss.hi2c1     0x20000488       0x54 ./Core/Src/main.o
                0x20000488                hi2c1
 .bss.midi_uart_out_buffer_bytes_to_tx
                0x200004dc       0x14 ./Core/Src/midi_cmds.o
                0x200004dc                midi_uart_out_buffer_bytes_to_tx
 .bss.midi_uart_out_buffer
                0x200004f0      0x140 ./Core/Src/midi_cmds.o
                0x200004f0                midi_uart_out_buffer
 .bss.midi_usb_assembly_buffer
                0x20000630       0x10 ./Core/Src/midi_cmds.o
                0x20000630                midi_usb_assembly_buffer
 .bss.delayed_cmds
                0x20000640      0x100 ./Core/Src/switch_router.o
                0x20000640                delayed_cmds
 .bss.swe_is_down
                0x20000740        0x1 ./Core/Src/switch_router.o
 .bss.sw5_is_down
                0x20000741        0x1 ./Core/Src/switch_router.o
 .bss.switch_current_page
                0x20000742        0x1 ./Core/Src/switch_router.o
                0x20000742                switch_current_page
 .bss.debounce_counter
                0x20000743        0x1 ./Core/Src/switch_router.o
                0x20000743                debounce_counter
 .bss.port_C_switches_changed
                0x20000744        0x2 ./Core/Src/switch_router.o
                0x20000744                port_C_switches_changed
 .bss.port_B_switches_changed
                0x20000746        0x2 ./Core/Src/switch_router.o
                0x20000746                port_B_switches_changed
 .bss.port_A_switches_changed
                0x20000748        0x2 ./Core/Src/switch_router.o
                0x20000748                port_A_switches_changed
 *fill*         0x2000074a        0x2 
 .bss.__sbrk_heap_end
                0x2000074c        0x4 ./Core/Src/sysmem.o
 .bss.uwTick    0x20000750        0x4 ./Drivers/STM32F1xx_HAL_Driver/Src/stm32f1xx_hal.o
                0x20000750                uwTick
 *fill*         0x20000754        0x4 
 .bss.pFlash    0x20000758       0x20 ./Drivers/STM32F1xx_HAL_Driver/Src/stm32f1xx_hal_flash.o
                0x20000758                pFlash
 .bss.USB_Rx_Buffer
                0x20000778       0x40 ./Middlewares/ST/STM32_USB_Device_Library/Class/MIDI/Src/usbd_midi.o
                0x20000778                USB_Rx_Buffer
 .bss.USB_Tx_State
                0x200007b8        0x1 ./Middlewares/ST/STM32_USB_Device_Library/Class/MIDI/Src/usbd_midi.o
                0x200007b8                USB_Tx_State
 *fill*         0x200007b9        0x3 
 .bss.pInstance
                0x200007bc        0x4 ./Middlewares/ST/STM32_USB_Device_Library/Class/MIDI/Src/usbd_midi.o
                0x200007bc                pInstance
 .bss.cfgidx.0  0x200007c0        0x1 ./Middlewares/ST/STM32_USB_Device_Library/Core/Src/usbd_ctlreq.o
 *fill*         0x200007c1        0x3 
 .bss.SSD1306   0x200007c4        0x8 ./Middlewares/stm32-ssd1306-master/ssd1306/ssd1306.o
 .bss.SSD1306_Buffer
                0x200007cc      0x410 ./Middlewares/stm32-ssd1306-master/ssd1306/ssd1306.o
 .bss.line_tx_buffer
                0x20000bdc       0x88 ./Middlewares/stm32-ssd1306-master/ssd1306/ssd1306.o
                0x20000bdc                line_tx_buffer
 .bss.display_line_transmitting_flag
                0x20000c64        0x1 ./Middlewares/stm32-ssd1306-master/ssd1306/ssd1306.o
                0x20000c64                display_line_transmitting_flag
 .bss.display_transmit_data_flag
                0x20000c65        0x1 ./Middlewares/stm32-ssd1306-master/ssd1306/ssd1306.o
                0x20000c65                display_transmit_data_flag
 .bss.display_transmit_line
                0x20000c66        0x1 ./Middlewares/stm32-ssd1306-master/ssd1306/ssd1306.o
                0x20000c66                display_transmit_line
 *fill*         0x20000c67        0x1 
 .bss.hUsbDeviceFS
                0x20000c68      0x2c4 ./USB_DEVICE/App/usb_device.o
                0x20000c68                hUsbDeviceFS
 .bss.USBD_StrDesc
                0x20000f2c      0x200 ./USB_DEVICE/App/usbd_desc.o
                0x20000f2c                USBD_StrDesc
 .bss.midi_msg_tx_buffer
                0x2000112c       0x40 ./USB_DEVICE/App/usbd_midi_if.o
                0x2000112c                midi_msg_tx_buffer
 .bss.sysex_tx_assembly_buffer
                0x2000116c       0x60 ./USB_DEVICE/App/usbd_midi_if.o
                0x2000116c                sysex_tx_assembly_buffer
 .bss.sysex_rx_counter
                0x200011cc        0x1 ./USB_DEVICE/App/usbd_midi_if.o
                0x200011cc                sysex_rx_counter
 *fill*         0x200011cd        0x3 
 .bss.sysex_rx_buffer
                0x200011d0       0x40 ./USB_DEVICE/App/usbd_midi_if.o
                0x200011d0                sysex_rx_buffer
 .bss.hpcd_USB_FS
                0x20001210      0x2ec ./USB_DEVICE/Target/usbd_conf.o
                0x20001210                hpcd_USB_FS
 .bss.__sf      0x200014fc      0x138 /Applications/ArmGNUToolchain/15.2.rel1/arm-none-eabi/bin/../lib/gcc/arm-none-eabi/15.2.1/../../../../arm-none-eabi/lib/thumb/v7-m/nofp/libc_nano.a(libc_a-findfp.o)
                0x200014fc                __sf
 .bss.__lock___malloc_recursive_mutex
                0x20001634        0x1 /Applications/ArmGNUToolchain/15.2.rel1/arm-none-eabi/bin/../lib/gcc/arm-none-eabi/15.2.1/../../../../arm-none-eabi/lib/thumb/v7-m/nofp/libc_nano.a(libc_a-lock.o)
                0x20001634                __lock___malloc_recursive_mutex
 *fill*         0x20001635        0x3 
 .bss.__malloc_sbrk_start
                0x20001638        0x4 /Applications/ArmGNUToolchain/15.2.rel1/arm-none-eabi/bin/../lib/gcc/arm-none-eabi/15.2.1/../../../../arm-none-eabi/lib/thumb/v7-m/nofp/libc_nano.a(libc_a-mallocr.o)
                0x20001638                __malloc_sbrk_start
 .bss.__malloc_free_list
                0x2000163c        0x4 /Applications/ArmGNUToolchain/15.2.rel1/arm-none-eabi/bin/../lib/gcc/arm-none-eabi/15.2.1/../../../../arm-none-eabi/lib/thumb/v7-m/nofp/libc_nano.a(libc_a-mallocr.o)
                0x2000163c                __malloc_free_list
 .bss.errno     0x20001640        0x4 /Applications/ArmGNUToolchain/15.2.rel1/arm-none-eabi/bin/../lib/gcc/arm-none-eabi/15.2.1/../../../../arm-none-eabi/lib/thumb/v7-m/nofp/libc_nano.a(libc_a-reent.o)
                0x20001640                errno
 *(COMMON)
                0x20001644                        . = ALIGN (0x4)
                0x20001644                        _ebss = .
                0x20001644                        __bss_end__ = _ebss

._user_heap_stack
                0x20001644      0xc04 load address 0x0800f394
                0x20001648                        . = ALIGN (0x8)
 *fill*         0x20001644        0x4 
                [!provide]                        PROVIDE (end = .)
                0x20001648                        PROVIDE (_end = .)
                0x20001e48                        . = (. + _Min_Heap_Size)
 *fill*         0x20001648      0x800 
                0x20002248                        . = (. + _Min_Stack_Size)
 *fill*         0x20001e48      0x400 
                0x20002248                        . = ALIGN (0x8)

/DISCARD/
 libc.a(*)
 libm.a(*)
 libgcc.a(*)

.ARM.attributes
                0x00000000       0x29
 *(.ARM.attributes)
 .ARM.attributes
                0x00000000       0x1d /Applications/ArmGNUToolchain/15.2.rel1/arm-none-eabi/bin/../lib/gcc/arm-none-eabi/15.2.1/thumb/v7-m/nofp/crti.o
 .ARM.attributes
                0x0000001d       0x2d /Applications/ArmGNUToolchain/15.2.rel1/arm-none-eabi/bin/../lib/gcc/arm-none-eabi/15.2.1/thumb/v7-m/nofp/crtbegin.o
 .ARM.attributes
                0x0000004a       0x2d ./Core/Src/display.o
 .ARM.attributes
                0x00000077       0x2d ./Core/Src/flash_midi_settings.o
 .ARM.attributes
                0x000000a4       0x2d ./Core/Src/main.o
 .ARM.attributes
                0x000000d1       0x2d ./Core/Src/midi_cmds.o
 .ARM.attributes
                0x000000fe       0x2d ./Core/Src/stm32f1xx_hal_msp.o
 .ARM.attributes
                0x0000012b       0x2d ./Core/Src/stm32f1xx_it.o
 .ARM.attributes
                0x00000158       0x2d ./Core/Src/switch_router.o
 .ARM.attributes
                0x00000185       0x2d ./Core/Src/sysmem.o
 .ARM.attributes
                0x000001b2       0x2d ./Core/Src/system_stm32f1xx.o
 .ARM.attributes
                0x000001df       0x21 ./Core/Startup/startup_stm32f103retx.o
 .ARM.attributes
                0x00000200       0x2d ./Drivers/STM32F1xx_HAL_Driver/Src/stm32f1xx_hal.o
 .ARM.attributes
                0x0000022d       0x2d ./Drivers/STM32F1xx_HAL_Driver/Src/stm32f1xx_hal_cortex.o
 .ARM.attributes
                0x0000025a       0x2d ./Drivers/STM32F1xx_HAL_Driver/Src/stm32f1xx_hal_dma.o
 .ARM.attributes
                0x00000287       0x2d ./Drivers/STM32F1xx_HAL_Driver/Src/stm32f1xx_hal_flash.o
 .ARM.attributes
                0x000002b4       0x2d ./Drivers/STM32F1xx_HAL_Driver/Src/stm32f1xx_hal_flash_ex.o
 .ARM.attributes
                0x000002e1       0x2d ./Drivers/STM32F1xx_HAL_Driver/Src/stm32f1xx_hal_gpio.o
 .ARM.attributes
                0x0000030e       0x2d ./Drivers/STM32F1xx_HAL_Driver/Src/stm32f1xx_hal_i2c.o
 .ARM.attributes
                0x0000033b       0x2d ./Drivers/STM32F1xx_HAL_Driver/Src/stm32f1xx_hal_pcd.o
 .ARM.attributes
                0x00000368       0x2d ./Drivers/STM32F1xx_HAL_Driver/Src/stm32f1xx_hal_pcd_ex.o
 .ARM.attributes
                0x00000395       0x2d ./Drivers/STM32F1xx_HAL_Driver/Src/stm32f1xx_hal_rcc.o
 .ARM.attributes
                0x000003c2       0x2d ./Drivers/STM32F1xx_HAL_Driver/Src/stm32f1xx_hal_rcc_ex.o
 .ARM.attributes
                0x000003ef       0x2d ./Drivers/STM32F1xx_HAL_Driver/Src/stm32f1xx_hal_uart.o
 .ARM.attributes
                0x0000041c       0x2d ./Drivers/STM32F1xx_HAL_Driver/Src/stm32f1xx_ll_usb.o
 .ARM.attributes
                0x00000449       0x2d ./Middlewares/ST/STM32_USB_Device_Library/Class/MIDI/Src/usbd_midi.o
 .ARM.attributes
                0x00000476       0x2d ./Middlewares/ST/STM32_USB_Device_Library/Core/Src/usbd_core.o
 .ARM.attributes
                0x000004a3       0x2d ./Middlewares/ST/STM32_USB_Device_Library/Core/Src/usbd_ctlreq.o
 .ARM.attributes
                0x000004d0       0x2d ./Middlewares/ST/STM32_USB_Device_Library/Core/Src/usbd_ioreq.o
 .ARM.attributes
                0x000004fd       0x2d ./Middlewares/stm32-ssd1306-master/ssd1306/ssd1306.o
 .ARM.attributes
                0x0000052a       0x2d ./Middlewares/stm32-ssd1306-master/ssd1306/ssd1306_fonts.o
 .ARM.attributes
                0x00000557       0x2d ./USB_DEVICE/App/usb_device.o
 .ARM.attributes
                0x00000584       0x2d ./USB_DEVICE/App/usbd_desc.o
 .ARM.attributes
                0x000005b1       0x2d ./USB_DEVICE/App/usbd_midi_if.o
 .ARM.attributes
                0x000005de       0x2d ./USB_DEVICE/Target/usbd_conf.o
 .ARM.attributes
                0x0000060b       0x2d /Applications/ArmGNUToolchain/15.2.rel1/arm-none-eabi/bin/../lib/gcc/arm-none-eabi/15.2.1/../../../../arm-none-eabi/lib/thumb/v7-m/nofp/libc_nano.a(libc_a-snprintf.o)
 .ARM.attributes
                0x00000638       0x2d /Applications/ArmGNUToolchain/15.2.rel1/arm-none-eabi/bin/../lib/gcc/arm-none-eabi/15.2.1/../../../../arm-none-eabi/lib/thumb/v7-m/nofp/libc_nano.a(libc_a-sprintf.o)
 .ARM.attributes
                0x00000665       0x2d /Applications/ArmGNUToolchain/15.2.rel1/arm-none-eabi/bin/../lib/gcc/arm-none-eabi/15.2.1/../../../../arm-none-eabi/lib/thumb/v7-m/nofp/libc_nano.a(libc_a-findfp.o)
 .ARM.attributes
                0x00000692       0x2d /Applications/ArmGNUToolchain/15.2.rel1/arm-none-eabi/bin/../lib/gcc/arm-none-eabi/15.2.1/../../../../arm-none-eabi/lib/thumb/v7-m/nofp/libc_nano.a(libc_a-memmove.o)
 .ARM.attributes
                0x000006bf       0x2d /Applications/ArmGNUToolchain/15.2.rel1/arm-none-eabi/bin/../lib/gcc/arm-none-eabi/15.2.1/../../../../arm-none-eabi/lib/thumb/v7-m/nofp/libc_nano.a(libc_a-memset.o)
 .ARM.attributes
                0x000006ec       0x2d /Applications/ArmGNUToolchain/15.2.rel1/arm-none-eabi/bin/../lib/gcc/arm-none-eabi/15.2.1/../../../../arm-none-eabi/lib/thumb/v7-m/nofp/libc_nano.a(libc_a-errno.o)
 .ARM.attributes
                0x00000719       0x2d /Applications/ArmGNUToolchain/15.2.rel1/arm-none-eabi/bin/../lib/gcc/arm-none-eabi/15.2.1/../../../../arm-none-eabi/lib/thumb/v7-m/nofp/libc_nano.a(libc_a-init.o)
 .ARM.attributes
                0x00000746       0x2d /Applications/ArmGNUToolchain/15.2.rel1/arm-none-eabi/bin/../lib/gcc/arm-none-eabi/15.2.1/../../../../arm-none-eabi/lib/thumb/v7-m/nofp/libc_nano.a(libc_a-lock.o)
 .ARM.attributes
                0x00000773       0x2d /Applications/ArmGNUToolchain/15.2.rel1/arm-none-eabi/bin/../lib/gcc/arm-none-eabi/15.2.1/../../../../arm-none-eabi/lib/thumb/v7-m/nofp/libc_nano.a(libc_a-impure.o)
 .ARM.attributes
                0x000007a0       0x2d /Applications/ArmGNUToolchain/15.2.rel1/arm-none-eabi/bin/../lib/gcc/arm-none-eabi/15.2.1/../../../../arm-none-eabi/lib/thumb/v7-m/nofp/libc_nano.a(libc_a-memcpy-stub.o)
 .ARM.attributes
                0x000007cd       0x17 /Applications/ArmGNUToolchain/15.2.rel1/arm-none-eabi/bin/../lib/gcc/arm-none-eabi/15.2.1/../../../../arm-none-eabi/lib/thumb/v7-m/nofp/libc_nano.a(libc_a-strlen.o)
 .ARM.attributes
                0x000007e4       0x2d /Applications/ArmGNUToolchain/15.2.rel1/arm-none-eabi/bin/../lib/gcc/arm-none-eabi/15.2.1/../../../../arm-none-eabi/lib/thumb/v7-m/nofp/libc_nano.a(libc_a-nano-svfprintf.o)
 .ARM.attributes
                0x00000811       0x2d /Applications/ArmGNUToolchain/15.2.rel1/arm-none-eabi/bin/../lib/gcc/arm-none-eabi/15.2.1/../../../../arm-none-eabi/lib/thumb/v7-m/nofp/libc_nano.a(libc_a-mallocr.o)
 .ARM.attributes
                0x0000083e       0x2d /Applications/ArmGNUToolchain/15.2.rel1/arm-none-eabi/bin/../lib/gcc/arm-none-eabi/15.2.1/../../../../arm-none-eabi/lib/thumb/v7-m/nofp/libc_nano.a(libc_a-nano-vfprintf_i.o)
 .ARM.attributes
                0x0000086b       0x2d /Applications/ArmGNUToolchain/15.2.rel1/arm-none-eabi/bin/../lib/gcc/arm-none-eabi/15.2.1/../../../../arm-none-eabi/lib/thumb/v7-m/nofp/libc_nano.a(libc_a-mlock.o)
 .ARM.attributes
                0x00000898       0x2d /Applications/ArmGNUToolchain/15.2.rel1/arm-none-eabi/bin/../lib/gcc/arm-none-eabi/15.2.1/../../../../arm-none-eabi/lib/thumb/v7-m/nofp/libc_nano.a(libc_a-reallocr.o)
 .ARM.attributes
                0x000008c5       0x2d /Applications/ArmGNUToolchain/15.2.rel1/arm-none-eabi/bin/../lib/gcc/arm-none-eabi/15.2.1/../../../../arm-none-eabi/lib/thumb/v7-m/nofp/libc_nano.a(libc_a-sbrkr.o)
 .ARM.attributes
                0x000008f2       0x2d /Applications/ArmGNUToolchain/15.2.rel1/arm-none-eabi/bin/../lib/gcc/arm-none-eabi/15.2.1/../../../../arm-none-eabi/lib/thumb/v7-m/nofp/libc_nano.a(libc_a-reent.o)
 .ARM.attributes
                0x0000091f       0x2d /Applications/ArmGNUToolchain/15.2.rel1/arm-none-eabi/bin/../lib/gcc/arm-none-eabi/15.2.1/../../../../arm-none-eabi/lib/thumb/v7-m/nofp/libc_nano.a(libc_a-memchr-stub.o)
 .ARM.attributes
                0x0000094c       0x2d /Applications/ArmGNUToolchain/15.2.rel1/arm-none-eabi/bin/../lib/gcc/arm-none-eabi/15.2.1/../../../../arm-none-eabi/lib/thumb/v7-m/nofp/libc_nano.a(libc_a-freer.o)
 .ARM.attributes
                0x00000979       0x2d /Applications/ArmGNUToolchain/15.2.rel1/arm-none-eabi/bin/../lib/gcc/arm-none-eabi/15.2.1/../../../../arm-none-eabi/lib/thumb/v7-m/nofp/libc_nano.a(libc_a-msizer.o)
 .ARM.attributes
                0x000009a6       0x2d /Applications/ArmGNUToolchain/15.2.rel1/arm-none-eabi/bin/../lib/gcc/arm-none-eabi/15.2.1/thumb/v7-m/nofp/crtend.o
 .ARM.attributes
                0x000009d3       0x1d /Applications/ArmGNUToolchain/15.2.rel1/arm-none-eabi/bin/../lib/gcc/arm-none-eabi/15.2.1/thumb/v7-m/nofp/crtn.o
OUTPUT(MIDI_Commander_Custom.elf elf32-littlearm)
LOAD linker stubs
LOAD /Applications/ArmGNUToolchain/15.2.rel1/arm-none-eabi/bin/../lib/gcc/arm-none-eabi/15.2.1/../../../../arm-none-eabi/lib/thumb/v7-m/nofp/libc.a
LOAD /Applications/ArmGNUToolchain/15.2.rel1/arm-none-eabi/bin/../lib/gcc/arm-none-eabi/15.2.1/../../../../arm-none-eabi/lib/thumb/v7-m/nofp/libm.a
LOAD /Applications/ArmGNUToolchain/15.2.rel1/arm-none-eabi/bin/../lib/gcc/arm-none-eabi/15.2.1/thumb/v7-m/nofp/libgcc.a

.debug_info     0x00000000    0x1f52b
 .debug_info    0x00000000     0x285e ./Core/Src/display.o
 .debug_info    0x0000285e      0x3c3 ./Core/Src/flash_midi_settings.o
 .debug_info    0x00002c21     0x1b46 ./Core/Src/main.o
 .debug_info    0x00004767     0x11b2 ./Core/Src/midi_cmds.o
 .debug_info    0x00005919      0xec0 ./Core/Src/stm32f1xx_hal_msp.o
 .debug_info    0x000067d9      0xde1 ./Core/Src/stm32f1xx_it.o
 .debug_info    0x000075ba     0x100f ./Core/Src/switch_router.o
 .debug_info    0x000085c9      0x186 ./Core/Src/sysmem.o
 .debug_info    0x0000874f      0x3fc ./Core/Src/system_stm32f1xx.o
 .debug_info    0x00008b4b       0x30 ./Core/Startup/startup_stm32f103retx.o
 .debug_info    0x00008b7b      0x843 ./Drivers/STM32F1xx_HAL_Driver/Src/stm32f1xx_hal.o
 .debug_info    0x000093be      0xd6b ./Drivers/STM32F1xx_HAL_Driver/Src/stm32f1xx_hal_cortex.o
 .debug_info    0x0000a129      0x808 ./Drivers/STM32F1xx_HAL_Driver/Src/stm32f1xx_hal_dma.o
 .debug_info    0x0000a931      0x671 ./Drivers/STM32F1xx_HAL_Driver/Src/stm32f1xx_hal_flash.o
 .debug_info    0x0000afa2      0xbb1 ./Drivers/STM32F1xx_HAL_Driver/Src/stm32f1xx_hal_flash_ex.o
 .debug_info    0x0000bb53      0x60c ./Drivers/STM32F1xx_HAL_Driver/Src/stm32f1xx_hal_gpio.o
 .debug_info    0x0000c15f     0x3aa4 ./Drivers/STM32F1xx_HAL_Driver/Src/stm32f1xx_hal_i2c.o
 .debug_info    0x0000fc03     0x1d35 ./Drivers/STM32F1xx_HAL_Driver/Src/stm32f1xx_hal_pcd.o
 .debug_info    0x00011938      0x6fa ./Drivers/STM32F1xx_HAL_Driver/Src/stm32f1xx_hal_pcd_ex.o
 .debug_info    0x00012032      0xa03 ./Drivers/STM32F1xx_HAL_Driver/Src/stm32f1xx_hal_rcc.o
 .debug_info    0x00012a35      0x442 ./Drivers/STM32F1xx_HAL_Driver/Src/stm32f1xx_hal_rcc_ex.o
 .debug_info    0x00012e77     0x1caf ./Drivers/STM32F1xx_HAL_Driver/Src/stm32f1xx_hal_uart.o
 .debug_info    0x00014b26     0x1f70 ./Drivers/STM32F1xx_HAL_Driver/Src/stm32f1xx_ll_usb.o
 .debug_info    0x00016a96      0xe1f ./Middlewares/ST/STM32_USB_Device_Library/Class/MIDI/Src/usbd_midi.o
 .debug_info    0x000178b5      0xe32 ./Middlewares/ST/STM32_USB_Device_Library/Core/Src/usbd_core.o
 .debug_info    0x000186e7      0xf0d ./Middlewares/ST/STM32_USB_Device_Library/Core/Src/usbd_ctlreq.o
 .debug_info    0x000195f4      0x838 ./Middlewares/ST/STM32_USB_Device_Library/Core/Src/usbd_ioreq.o
 .debug_info    0x00019e2c     0x20a7 ./Middlewares/stm32-ssd1306-master/ssd1306/ssd1306.o
 .debug_info    0x0001bed3      0x1da ./Middlewares/stm32-ssd1306-master/ssd1306/ssd1306_fonts.o
 .debug_info    0x0001c0ad      0x649 ./USB_DEVICE/App/usb_device.o
 .debug_info    0x0001c6f6      0x665 ./USB_DEVICE/App/usbd_desc.o
 .debug_info    0x0001cd5b      0x859 ./USB_DEVICE/App/usbd_midi_if.o
 .debug_info    0x0001d5b4     0x1f77 ./USB_DEVICE/Target/usbd_conf.o

.debug_abbrev   0x00000000     0x5ae8
 .debug_abbrev  0x00000000      0x2c1 ./Core/Src/display.o
 .debug_abbrev  0x000002c1      0x1e3 ./Core/Src/flash_midi_settings.o
 .debug_abbrev  0x000004a4      0x475 ./Core/Src/main.o
 .debug_abbrev  0x00000919      0x3b9 ./Core/Src/midi_cmds.o
 .debug_abbrev  0x00000cd2      0x24b ./Core/Src/stm32f1xx_hal_msp.o
 .debug_abbrev  0x00000f1d      0x241 ./Core/Src/stm32f1xx_it.o
 .debug_abbrev  0x0000115e      0x3fc ./Core/Src/switch_router.o
 .debug_abbrev  0x0000155a       0xdc ./Core/Src/sysmem.o
 .debug_abbrev  0x00001636      0x143 ./Core/Src/system_stm32f1xx.o
 .debug_abbrev  0x00001779       0x24 ./Core/Startup/startup_stm32f103retx.o
 .debug_abbrev  0x0000179d      0x272 ./Drivers/STM32F1xx_HAL_Driver/Src/stm32f1xx_hal.o
 .debug_abbrev  0x00001a0f      0x354 ./Drivers/STM32F1xx_HAL_Driver/Src/stm32f1xx_hal_cortex.o
 .debug_abbrev  0x00001d63      0x26a ./Drivers/STM32F1xx_HAL_Driver/Src/stm32f1xx_hal_dma.o
 .debug_abbrev  0x00001fcd      0x313 ./Drivers/STM32F1xx_HAL_Driver/Src/stm32f1xx_hal_flash.o
 .debug_abbrev  0x000022e0      0x33e ./Drivers/STM32F1xx_HAL_Driver/Src/stm32f1xx_hal_flash_ex.o
 .debug_abbrev  0x0000261e      0x20a ./Drivers/STM32F1xx_HAL_Driver/Src/stm32f1xx_hal_gpio.o
 .debug_abbrev  0x00002828      0x447 ./Drivers/STM32F1xx_HAL_Driver/Src/stm32f1xx_hal_i2c.o
 .debug_abbrev  0x00002c6f      0x3f2 ./Drivers/STM32F1xx_HAL_Driver/Src/stm32f1xx_hal_pcd.o
 .debug_abbrev  0x00003061      0x1d2 ./Drivers/STM32F1xx_HAL_Driver/Src/stm32f1xx_hal_pcd_ex.o
 .debug_abbrev  0x00003233      0x2f0 ./Drivers/STM32F1xx_HAL_Driver/Src/stm32f1xx_hal_rcc.o
 .debug_abbrev  0x00003523      0x1e4 ./Drivers/STM32F1xx_HAL_Driver/Src/stm32f1xx_hal_rcc_ex.o
 .debug_abbrev  0x00003707      0x3d9 ./Drivers/STM32F1xx_HAL_Driver/Src/stm32f1xx_hal_uart.o
 .debug_abbrev  0x00003ae0      0x2fb ./Drivers/STM32F1xx_HAL_Driver/Src/stm32f1xx_ll_usb.o
 .debug_abbrev  0x00003ddb      0x2be ./Middlewares/ST/STM32_USB_Device_Library/Class/MIDI/Src/usbd_midi.o
 .debug_abbrev  0x00004099      0x2f4 ./Middlewares/ST/STM32_USB_Device_Library/Core/Src/usbd_core.o
 .debug_abbrev  0x0000438d      0x3af ./Middlewares/ST/STM32_USB_Device_Library/Core/Src/usbd_ctlreq.o
 .debug_abbrev  0x0000473c      0x1b6 ./Middlewares/ST/STM32_USB_Device_Library/Core/Src/usbd_ioreq.o
 .debug_abbrev  0x000048f2      0x53a ./Middlewares/stm32-ssd1306-master/ssd1306/ssd1306.o
 .debug_abbrev  0x00004e2c       0xc4 ./Middlewares/stm32-ssd1306-master/ssd1306/ssd1306_fonts.o
 .debug_abbrev  0x00004ef0      0x1af ./USB_DEVICE/App/usb_device.o
 .debug_abbrev  0x0000509f      0x2c6 ./USB_DEVICE/App/usbd_desc.o
 .debug_abbrev  0x00005365      0x3ea ./USB_DEVICE/App/usbd_midi_if.o
 .debug_abbrev  0x0000574f      0x399 ./USB_DEVICE/Target/usbd_conf.o

.debug_loclists
                0x00000000     0xf26b
 .debug_loclists
                0x00000000      0x2b5 ./Core/Src/display.o
 .debug_loclists
                0x000002b5       0xa3 ./Core/Src/flash_midi_settings.o
 .debug_loclists
                0x00000358      0x184 ./Core/Src/main.o
 .debug_loclists
                0x000004dc      0xc49 ./Core/Src/midi_cmds.o
 .debug_loclists
                0x00001125       0x89 ./Core/Src/stm32f1xx_hal_msp.o
 .debug_loclists
                0x000011ae      0x71f ./Core/Src/switch_router.o
 .debug_loclists
                0x000018cd       0x5a ./Core/Src/sysmem.o
 .debug_loclists
                0x00001927       0xab ./Core/Src/system_stm32f1xx.o
 .debug_loclists
                0x000019d2       0xe8 ./Drivers/STM32F1xx_HAL_Driver/Src/stm32f1xx_hal.o
 .debug_loclists
                0x00001aba      0x5ef ./Drivers/STM32F1xx_HAL_Driver/Src/stm32f1xx_hal_cortex.o
 .debug_loclists
                0x000020a9      0x6a8 ./Drivers/STM32F1xx_HAL_Driver/Src/stm32f1xx_hal_dma.o
 .debug_loclists
                0x00002751      0x26d ./Drivers/STM32F1xx_HAL_Driver/Src/stm32f1xx_hal_flash.o
 .debug_loclists
                0x000029be      0x6ff ./Drivers/STM32F1xx_HAL_Driver/Src/stm32f1xx_hal_flash_ex.o
 .debug_loclists
                0x000030bd      0x383 ./Drivers/STM32F1xx_HAL_Driver/Src/stm32f1xx_hal_gpio.o
 .debug_loclists
                0x00003440     0x365a ./Drivers/STM32F1xx_HAL_Driver/Src/stm32f1xx_hal_i2c.o
 .debug_loclists
                0x00006a9a      0xfd2 ./Drivers/STM32F1xx_HAL_Driver/Src/stm32f1xx_hal_pcd.o
 .debug_loclists
                0x00007a6c       0xa5 ./Drivers/STM32F1xx_HAL_Driver/Src/stm32f1xx_hal_pcd_ex.o
 .debug_loclists
                0x00007b11      0x3f9 ./Drivers/STM32F1xx_HAL_Driver/Src/stm32f1xx_hal_rcc.o
 .debug_loclists
                0x00007f0a      0x295 ./Drivers/STM32F1xx_HAL_Driver/Src/stm32f1xx_hal_rcc_ex.o
 .debug_loclists
                0x0000819f     0x1848 ./Drivers/STM32F1xx_HAL_Driver/Src/stm32f1xx_hal_uart.o
 .debug_loclists
                0x000099e7     0x230d ./Drivers/STM32F1xx_HAL_Driver/Src/stm32f1xx_ll_usb.o
 .debug_loclists
                0x0000bcf4      0x1ed ./Middlewares/ST/STM32_USB_Device_Library/Class/MIDI/Src/usbd_midi.o
 .debug_loclists
                0x0000bee1      0x67f ./Middlewares/ST/STM32_USB_Device_Library/Core/Src/usbd_core.o
 .debug_loclists
                0x0000c560      0xafb ./Middlewares/ST/STM32_USB_Device_Library/Core/Src/usbd_ctlreq.o
 .debug_loclists
                0x0000d05b      0x214 ./Middlewares/ST/STM32_USB_Device_Library/Core/Src/usbd_ioreq.o
 .debug_loclists
                0x0000d26f     0x1028 ./Middlewares/stm32-ssd1306-master/ssd1306/ssd1306.o
 .debug_loclists
                0x0000e297      0x2cd ./USB_DEVICE/App/usbd_desc.o
 .debug_loclists
                0x0000e564      0x406 ./USB_DEVICE/App/usbd_midi_if.o
 .debug_loclists
                0x0000e96a      0x901 ./USB_DEVICE/Target/usbd_conf.o

.debug_aranges  0x00000000     0x1110
 .debug_aranges
                0x00000000       0x48 ./Core/Src/display.o
 .debug_aranges
                0x00000048       0x28 ./Core/Src/flash_midi_settings.o
 .debug_aranges
                0x00000070       0x38 ./Core/Src/main.o
 .debug_aranges
                0x000000a8       0x78 ./Core/Src/midi_cmds.o
 .debug_aranges
                0x00000120       0x40 ./Core/Src/stm32f1xx_hal_msp.o
 .debug_aranges
                0x00000160       0x90 ./Core/Src/stm32f1xx_it.o
 .debug_aranges
                0x000001f0       0x70 ./Core/Src/switch_router.o
 .debug_aranges
                0x00000260       0x20 ./Core/Src/sysmem.o
 .debug_aranges
                0x00000280       0x28 ./Core/Src/system_stm32f1xx.o
 .debug_aranges
                0x000002a8       0x28 ./Core/Startup/startup_stm32f103retx.o
 .debug_aranges
                0x000002d0       0xe0 ./Drivers/STM32F1xx_HAL_Driver/Src/stm32f1xx_hal.o
 .debug_aranges
                0x000003b0       0x90 ./Drivers/STM32F1xx_HAL_Driver/Src/stm32f1xx_hal_cortex.o
 .debug_aranges
                0x00000440       0x78 ./Drivers/STM32F1xx_HAL_Driver/Src/stm32f1xx_hal_dma.o
 .debug_aranges
                0x000004b8       0x80 ./Drivers/STM32F1xx_HAL_Driver/Src/stm32f1xx_hal_flash.o
 .debug_aranges
                0x00000538       0x58 ./Drivers/STM32F1xx_HAL_Driver/Src/stm32f1xx_hal_flash_ex.o
 .debug_aranges
                0x00000590       0x58 ./Drivers/STM32F1xx_HAL_Driver/Src/stm32f1xx_hal_gpio.o
 .debug_aranges
                0x000005e8      0x1f8 ./Drivers/STM32F1xx_HAL_Driver/Src/stm32f1xx_hal_i2c.o
 .debug_aranges
                0x000007e0      0x120 ./Drivers/STM32F1xx_HAL_Driver/Src/stm32f1xx_hal_pcd.o
 .debug_aranges
                0x00000900       0x38 ./Drivers/STM32F1xx_HAL_Driver/Src/stm32f1xx_hal_pcd_ex.o
 .debug_aranges
                0x00000938       0x88 ./Drivers/STM32F1xx_HAL_Driver/Src/stm32f1xx_hal_rcc.o
 .debug_aranges
                0x000009c0       0x30 ./Drivers/STM32F1xx_HAL_Driver/Src/stm32f1xx_hal_rcc_ex.o
 .debug_aranges
                0x000009f0      0x1e0 ./Drivers/STM32F1xx_HAL_Driver/Src/stm32f1xx_hal_uart.o
 .debug_aranges
                0x00000bd0       0xf0 ./Drivers/STM32F1xx_HAL_Driver/Src/stm32f1xx_ll_usb.o
 .debug_aranges
                0x00000cc0       0x50 ./Middlewares/ST/STM32_USB_Device_Library/Class/MIDI/Src/usbd_midi.o