../Core/Src/stm32f1xx_it.c:75:6:NMI_Handler	0	static
../Core/Src/stm32f1xx_it.c:90:6:HardFault_Handler	0	static
../Core/Src/stm32f1xx_it.c:105:6:MemManage_Handler	0	static
../Core/Src/stm32f1xx_it.c:120:6:BusFault_Handler	0	static
../Core/Src/stm32f1xx_it.c:135:6:UsageFault_Handler	0	static
../Core/Src/stm32f1xx_it.c:150:6:SVC_Handler	0	static
../Core/Src/stm32f1xx_it.c:163:6:DebugMon_Handler	0	static
../Core/Src/stm32f1xx_it.c:176:6:PendSV_Handler	0	static
../Core/Src/stm32f1xx_it.c:189:6:SysTick_Handler	8	static
../Core/Src/stm32f1xx_it.c:213:6:DMA1_Channel6_IRQHandler	0	static
../Core/Src/stm32f1xx_it.c:227:6:DMA1_Channel7_IRQHandler	0	static
../Core/Src/stm32f1xx_it.c:241:6:USB_HP_CAN1_TX_IRQHandler	0	static
../Core/Src/stm32f1xx_it.c:255:6:USB_LP_CAN1_RX0_IRQHandler	0	static
../Core/Src/stm32f1xx_it.c:269:6:I2C1_EV_IRQHandler	0	static
../Core/Src/stm32f1xx_it.c:283:6:USART2_IRQHandler	0	static
